
Map of Debug\stm8l05xx3.sm8 from link file Debug\stm8l05xx3.lkf - Thu Oct 08 17:36:59 2015


                               --------
                               Segments
                               --------

start 00008080 end 00008080 length     0 segment .const
start 00008089 end 000085ad length  1316 segment .text
start 00001000 end 00001000 length     0 segment .eeprom
start 00000000 end 00000001 length     1 segment .bsct, initialized
start 00008088 end 00008089 length     1 segment .bsct, from
start 00000001 end 00000011 length    16 segment .ubsct
start 00000011 end 00000011 length     0 segment .bit
start 00000011 end 00000011 length     0 segment .share
start 00000100 end 00000100 length     0 segment .data
start 00000100 end 00000100 length     0 segment .bss
start 00000000 end 0000102b length  4139 segment .info.
start 00000000 end 000107f2 length 67570 segment .debug
start 00008000 end 00008080 length   128 segment .const
start 00008080 end 00008088 length     8 segment .init


                               -------
                               Modules
                               -------

C:\Program Files (x86)\COSMIC\CXSTM8_32K\lib\crtsi0.sm8:
start 00008089 end 000080d9 length    80 section .text
start 00000100 end 00000100 length     0 section .bss
start 00000001 end 00000001 length     0 section .ubsct
start 00000000 end 0000002f length    47 section .info.

Debug\stm8l15x_tim3.o:
start 00000000 end 000033a3 length 13219 section .debug
start 0000002f end 000000da length   171 section .info.
start ******** end ******** length     0 section .text *** removed ***
start ******** end ******** length     0 section .text *** removed ***
start ******** end ******** length     0 section .text *** removed ***
start ******** end ******** length     0 section .text *** removed ***
start ******** end ******** length     0 section .text *** removed ***
start ******** end ******** length     0 section .text *** removed ***
start ******** end ******** length     0 section .text *** removed ***
start ******** end ******** length     0 section .text *** removed ***
start ******** end ******** length     0 section .text *** removed ***
start ******** end ******** length     0 section .text *** removed ***
start ******** end ******** length     0 section .text *** removed ***
start ******** end ******** length     0 section .text *** removed ***
start ******** end ******** length     0 section .text *** removed ***
start ******** end ******** length     0 section .text *** removed ***
start ******** end ******** length     0 section .text *** removed ***
start ******** end ******** length     0 section .text *** removed ***
start ******** end ******** length     0 section .text *** removed ***
start ******** end ******** length     0 section .text *** removed ***
start ******** end ******** length     0 section .text *** removed ***
start ******** end ******** length     0 section .text *** removed ***
start ******** end ******** length     0 section .text *** removed ***
start ******** end ******** length     0 section .text *** removed ***
start ******** end ******** length     0 section .text *** removed ***
start ******** end ******** length     0 section .text *** removed ***
start ******** end ******** length     0 section .text *** removed ***
start ******** end ******** length     0 section .text *** removed ***
start ******** end ******** length     0 section .text *** removed ***
start ******** end ******** length     0 section .text *** removed ***
start ******** end ******** length     0 section .text *** removed ***
start ******** end ******** length     0 section .text *** removed ***
start ******** end ******** length     0 section .text *** removed ***
start ******** end ******** length     0 section .text *** removed ***
start ******** end ******** length     0 section .text *** removed ***
start ******** end ******** length     0 section .text *** removed ***
start ******** end ******** length     0 section .text *** removed ***
start ******** end ******** length     0 section .text *** removed ***
start ******** end ******** length     0 section .text *** removed ***
start ******** end ******** length     0 section .text *** removed ***
start ******** end ******** length     0 section .text *** removed ***
start ******** end ******** length     0 section .text *** removed ***
start ******** end ******** length     0 section .text *** removed ***
start ******** end ******** length     0 section .text *** removed ***
start ******** end ******** length     0 section .text *** removed ***
start ******** end ******** length     0 section .text *** removed ***
start ******** end ******** length     0 section .text *** removed ***
start ******** end ******** length     0 section .text *** removed ***
start ******** end ******** length     0 section .text *** removed ***
start ******** end ******** length     0 section .text *** removed ***
start ******** end ******** length     0 section .text *** removed ***
start ******** end ******** length     0 section .text *** removed ***
start ******** end ******** length     0 section .text *** removed ***
start ******** end ******** length     0 section .text *** removed ***
start ******** end ******** length     0 section .text *** removed ***
start ******** end ******** length     0 section .text *** removed ***
start ******** end ******** length     0 section .text *** removed ***
start ******** end ******** length     0 section .text *** removed ***

Debug\stm8l15x_spi.o:
start 000033a3 end 000046ed length  4938 section .debug
start 000000da end 00000184 length   170 section .info.
start ******** end ******** length     0 section .text *** removed ***
start ******** end ******** length     0 section .text *** removed ***
start ******** end ******** length     0 section .text *** removed ***
start ******** end ******** length     0 section .text *** removed ***
start ******** end ******** length     0 section .text *** removed ***
start ******** end ******** length     0 section .text *** removed ***
start ******** end ******** length     0 section .text *** removed ***
start ******** end ******** length     0 section .text *** removed ***
start ******** end ******** length     0 section .text *** removed ***
start ******** end ******** length     0 section .text *** removed ***
start ******** end ******** length     0 section .text *** removed ***
start ******** end ******** length     0 section .text *** removed ***
start ******** end ******** length     0 section .text *** removed ***
start ******** end ******** length     0 section .text *** removed ***
start ******** end ******** length     0 section .text *** removed ***
start ******** end ******** length     0 section .text *** removed ***
start ******** end ******** length     0 section .text *** removed ***
start ******** end ******** length     0 section .text *** removed ***

Debug\stm8l15x_tim4.o:
start 000046ed end 0000598e length  4769 section .debug
start 00000184 end 0000022f length   171 section .info.
start ******** end ******** length     0 section .text *** removed ***
start 000080d9 end 000080e6 length    13 section .text
start ******** end ******** length     0 section .text *** removed ***
start ******** end ******** length     0 section .text *** removed ***
start ******** end ******** length     0 section .text *** removed ***
start ******** end ******** length     0 section .text *** removed ***
start ******** end ******** length     0 section .text *** removed ***
start ******** end ******** length     0 section .text *** removed ***
start ******** end ******** length     0 section .text *** removed ***
start ******** end ******** length     0 section .text *** removed ***
start ******** end ******** length     0 section .text *** removed ***
start ******** end ******** length     0 section .text *** removed ***
start ******** end ******** length     0 section .text *** removed ***
start ******** end ******** length     0 section .text *** removed ***
start ******** end ******** length     0 section .text *** removed ***
start ******** end ******** length     0 section .text *** removed ***
start ******** end ******** length     0 section .text *** removed ***
start ******** end ******** length     0 section .text *** removed ***
start ******** end ******** length     0 section .text *** removed ***
start ******** end ******** length     0 section .text *** removed ***
start ******** end ******** length     0 section .text *** removed ***
start ******** end ******** length     0 section .text *** removed ***
start ******** end ******** length     0 section .text *** removed ***
start ******** end ******** length     0 section .text *** removed ***

Debug\stm8l15x_wfe.o:
start 0000598e end 0000606d length  1759 section .debug
start 0000022f end 000002d9 length   170 section .info.
start ******** end ******** length     0 section .text *** removed ***
start ******** end ******** length     0 section .text *** removed ***
start ******** end ******** length     0 section .text *** removed ***

Debug\stm8l15x_tim2.o:
start 0000606d end 00009410 length 13219 section .debug
start 000002d9 end 00000384 length   171 section .info.
start ******** end ******** length     0 section .text *** removed ***
start ******** end ******** length     0 section .text *** removed ***
start ******** end ******** length     0 section .text *** removed ***
start ******** end ******** length     0 section .text *** removed ***
start ******** end ******** length     0 section .text *** removed ***
start ******** end ******** length     0 section .text *** removed ***
start ******** end ******** length     0 section .text *** removed ***
start ******** end ******** length     0 section .text *** removed ***
start ******** end ******** length     0 section .text *** removed ***
start ******** end ******** length     0 section .text *** removed ***
start ******** end ******** length     0 section .text *** removed ***
start ******** end ******** length     0 section .text *** removed ***
start ******** end ******** length     0 section .text *** removed ***
start ******** end ******** length     0 section .text *** removed ***
start ******** end ******** length     0 section .text *** removed ***
start ******** end ******** length     0 section .text *** removed ***
start ******** end ******** length     0 section .text *** removed ***
start ******** end ******** length     0 section .text *** removed ***
start ******** end ******** length     0 section .text *** removed ***
start ******** end ******** length     0 section .text *** removed ***
start ******** end ******** length     0 section .text *** removed ***
start ******** end ******** length     0 section .text *** removed ***
start ******** end ******** length     0 section .text *** removed ***
start ******** end ******** length     0 section .text *** removed ***
start ******** end ******** length     0 section .text *** removed ***
start ******** end ******** length     0 section .text *** removed ***
start ******** end ******** length     0 section .text *** removed ***
start ******** end ******** length     0 section .text *** removed ***
start ******** end ******** length     0 section .text *** removed ***
start ******** end ******** length     0 section .text *** removed ***
start ******** end ******** length     0 section .text *** removed ***
start ******** end ******** length     0 section .text *** removed ***
start ******** end ******** length     0 section .text *** removed ***
start ******** end ******** length     0 section .text *** removed ***
start ******** end ******** length     0 section .text *** removed ***
start ******** end ******** length     0 section .text *** removed ***
start ******** end ******** length     0 section .text *** removed ***
start ******** end ******** length     0 section .text *** removed ***
start ******** end ******** length     0 section .text *** removed ***
start ******** end ******** length     0 section .text *** removed ***
start ******** end ******** length     0 section .text *** removed ***
start ******** end ******** length     0 section .text *** removed ***
start ******** end ******** length     0 section .text *** removed ***
start ******** end ******** length     0 section .text *** removed ***
start ******** end ******** length     0 section .text *** removed ***
start ******** end ******** length     0 section .text *** removed ***
start ******** end ******** length     0 section .text *** removed ***
start ******** end ******** length     0 section .text *** removed ***
start ******** end ******** length     0 section .text *** removed ***
start ******** end ******** length     0 section .text *** removed ***
start ******** end ******** length     0 section .text *** removed ***
start ******** end ******** length     0 section .text *** removed ***
start ******** end ******** length     0 section .text *** removed ***
start ******** end ******** length     0 section .text *** removed ***
start ******** end ******** length     0 section .text *** removed ***
start ******** end ******** length     0 section .text *** removed ***

Debug\stm8l15x_syscfg.o:
start 00009410 end 0000a857 length  5191 section .debug
start 00000384 end 00000431 length   173 section .info.
start ******** end ******** length     0 section .text *** removed ***
start ******** end ******** length     0 section .text *** removed ***
start ******** end ******** length     0 section .text *** removed ***
start ******** end ******** length     0 section .text *** removed ***
start ******** end ******** length     0 section .text *** removed ***
start ******** end ******** length     0 section .text *** removed ***
start ******** end ******** length     0 section .text *** removed ***
start ******** end ******** length     0 section .text *** removed ***

Debug\stm8l15x_rst.o:
start 0000a857 end 0000aaec length   661 section .debug
start 00000431 end 000004db length   170 section .info.
start ******** end ******** length     0 section .text *** removed ***
start ******** end ******** length     0 section .text *** removed ***
start ******** end ******** length     0 section .text *** removed ***

Debug\stm8l15x_pwr.o:
start 0000aaec end 0000b184 length  1688 section .debug
start 000004db end 00000585 length   170 section .info.
start ******** end ******** length     0 section .text *** removed ***
start ******** end ******** length     0 section .text *** removed ***
start ******** end ******** length     0 section .text *** removed ***
start 000080e6 end 000080f3 length    13 section .text
start 000080f3 end 00008100 length    13 section .text
start ******** end ******** length     0 section .text *** removed ***
start ******** end ******** length     0 section .text *** removed ***
start ******** end ******** length     0 section .text *** removed ***
start ******** end ******** length     0 section .text *** removed ***
start ******** end ******** length     0 section .text *** removed ***

Debug\stm8l15x_iwdg.o:
start 0000b184 end 0000b529 length   933 section .debug
start 00000585 end 00000630 length   171 section .info.
start ******** end ******** length     0 section .text *** removed ***
start ******** end ******** length     0 section .text *** removed ***
start ******** end ******** length     0 section .text *** removed ***
start ******** end ******** length     0 section .text *** removed ***
start ******** end ******** length     0 section .text *** removed ***

Debug\stm8l15x_gpio.o:
start 0000b529 end 0000c06a length  2881 section .debug
start 00000630 end 000006db length   171 section .info.
start ******** end ******** length     0 section .text *** removed ***
start 00008100 end 00008155 length    85 section .text
start ******** end ******** length     0 section .text *** removed ***
start ******** end ******** length     0 section .text *** removed ***
start ******** end ******** length     0 section .text *** removed ***
start ******** end ******** length     0 section .text *** removed ***
start ******** end ******** length     0 section .text *** removed ***
start ******** end ******** length     0 section .text *** removed ***
start ******** end ******** length     0 section .text *** removed ***
start ******** end ******** length     0 section .text *** removed ***
start ******** end ******** length     0 section .text *** removed ***
start ******** end ******** length     0 section .text *** removed ***

Debug\stm8l15x_flash.o:
start 0000c06a end 0000cf55 length  3819 section .debug
start 000006db end 00000787 length   172 section .info.
start ******** end ******** length     0 section .text *** removed ***
start ******** end ******** length     0 section .text *** removed ***
start ******** end ******** length     0 section .text *** removed ***
start ******** end ******** length     0 section .text *** removed ***
start ******** end ******** length     0 section .text *** removed ***
start ******** end ******** length     0 section .text *** removed ***
start ******** end ******** length     0 section .text *** removed ***
start ******** end ******** length     0 section .text *** removed ***
start ******** end ******** length     0 section .text *** removed ***
start ******** end ******** length     0 section .text *** removed ***
start ******** end ******** length     0 section .text *** removed ***
start ******** end ******** length     0 section .text *** removed ***
start ******** end ******** length     0 section .text *** removed ***
start ******** end ******** length     0 section .text *** removed ***
start ******** end ******** length     0 section .text *** removed ***
start ******** end ******** length     0 section .text *** removed ***
start ******** end ******** length     0 section .text *** removed ***
start ******** end ******** length     0 section .text *** removed ***
start ******** end ******** length     0 section .text *** removed ***
start ******** end ******** length     0 section .text *** removed ***
start ******** end ******** length     0 section .text *** removed ***
start ******** end ******** length     0 section .text *** removed ***

Debug\stm8l15x_exti.o:
start 0000cf55 end 0000dab3 length  2910 section .debug
start 00000787 end 00000832 length   171 section .info.
start ******** end ******** length     0 section .text *** removed ***
start 00008155 end 0000824e length   249 section .text
start ******** end ******** length     0 section .text *** removed ***
start ******** end ******** length     0 section .text *** removed ***
start ******** end ******** length     0 section .text *** removed ***
start ******** end ******** length     0 section .text *** removed ***
start ******** end ******** length     0 section .text *** removed ***
start ******** end ******** length     0 section .text *** removed ***
start ******** end ******** length     0 section .text *** removed ***

Debug\stm8l15x_clk.o:
start 0000dab3 end 0000f492 length  6623 section .debug
start 00000832 end 000008dc length   170 section .info.
start ******** end ******** length     0 section .const *** removed ***
start ******** end ******** length     0 section .text *** removed ***
start ******** end ******** length     0 section .text *** removed ***
start ******** end ******** length     0 section .text *** removed ***
start ******** end ******** length     0 section .text *** removed ***
start ******** end ******** length     0 section .text *** removed ***
start ******** end ******** length     0 section .text *** removed ***
start ******** end ******** length     0 section .text *** removed ***
start ******** end ******** length     0 section .text *** removed ***
start ******** end ******** length     0 section .text *** removed ***
start ******** end ******** length     0 section .text *** removed ***
start ******** end ******** length     0 section .text *** removed ***
start ******** end ******** length     0 section .text *** removed ***
start ******** end ******** length     0 section .text *** removed ***
start ******** end ******** length     0 section .text *** removed ***
start ******** end ******** length     0 section .text *** removed ***
start ******** end ******** length     0 section .text *** removed ***
start 0000824e end 000082ef length   161 section .text
start ******** end ******** length     0 section .text *** removed ***
start ******** end ******** length     0 section .text *** removed ***
start 000082ef end 00008305 length    22 section .text
start ******** end ******** length     0 section .text *** removed ***
start ******** end ******** length     0 section .text *** removed ***
start ******** end ******** length     0 section .text *** removed ***
start ******** end ******** length     0 section .text *** removed ***
start ******** end ******** length     0 section .text *** removed ***
start ******** end ******** length     0 section .text *** removed ***

Debug\rf_send.o:
start 00000001 end 00000007 length     6 section .ubsct
start 0000f492 end 0000f70f length   637 section .debug
start 000008dc end 00000981 length   165 section .info.
start 00008305 end 0000844c length   327 section .text

Debug\errors.o:
start 00000007 end 0000000b length     4 section .ubsct
start 0000f70f end 0000fa98 length   905 section .debug
start 00000981 end 00000a25 length   164 section .info.
start ******** end ******** length     0 section .const *** removed ***
start 0000844c end 00008462 length    22 section .text
start ******** end ******** length     0 section .text *** removed ***
start ******** end ******** length     0 section .text *** removed ***
start ******** end ******** length     0 section .text *** removed ***
start ******** end ******** length     0 section .text *** removed ***
start ******** end ******** length     0 section .text *** removed ***

Debug\delay.o:
start 0000fa98 end 0000fbc3 length   299 section .debug
start 00000a25 end 00000ac8 length   163 section .info.
start ******** end ******** length     0 section .text *** removed ***
start ******** end ******** length     0 section .text *** removed ***

Debug\config.o:
start 0000fbc3 end 0000fc75 length   178 section .debug
start 00000ac8 end 00000b6c length   164 section .info.
start 00008462 end 000084b1 length    79 section .text

Debug\main.o:
start 0000fc75 end 0000fd62 length   237 section .debug
start 00000b6c end 00000c0e length   162 section .info.
start 000084b1 end 000084f8 length    71 section .text
start 000084f8 end 0000852a length    50 section .text

Debug\stm8l15x_it.o:
start 00000000 end 00000001 length     1 section .bsct
start 0000fd62 end 000106cc length  2410 section .debug
start 00000c0e end 00000cb7 length   169 section .info.
start 0000852a end 0000852b length     1 section .text
start 0000852b end 0000852c length     1 section .text
start 0000852c end 0000852d length     1 section .text
start 0000852d end 0000852e length     1 section .text
start 0000852e end 0000852f length     1 section .text
start 0000852f end 00008530 length     1 section .text
start 00008530 end 00008531 length     1 section .text
start 00008531 end 00008532 length     1 section .text
start 00008532 end 00008533 length     1 section .text
start 00008533 end 00008598 length   101 section .text
start 00008598 end 00008599 length     1 section .text
start 00008599 end 0000859a length     1 section .text
start 0000859a end 0000859b length     1 section .text
start 0000859b end 0000859c length     1 section .text
start 0000859c end 0000859d length     1 section .text
start 0000859d end 0000859e length     1 section .text
start 0000859e end 0000859f length     1 section .text
start 0000859f end 000085a0 length     1 section .text
start 000085a0 end 000085a1 length     1 section .text
start 000085a1 end 000085a2 length     1 section .text
start 000085a2 end 000085a3 length     1 section .text
start 000085a3 end 000085a4 length     1 section .text
start 000085a4 end 000085a5 length     1 section .text
start 000085a5 end 000085a6 length     1 section .text
start 000085a6 end 000085a7 length     1 section .text
start 000085a7 end 000085a8 length     1 section .text
start 000085a8 end 000085a9 length     1 section .text
start 000085a9 end 000085aa length     1 section .text
start 000085aa end 000085ab length     1 section .text
start 000085ab end 000085ac length     1 section .text
start 000085ac end 000085ad length     1 section .text

(C:\Program Files (x86)\COSMIC\CXSTM8_32K\lib\libm0.sm8)cmulx.o:
start ******** end ******** length     0 section .text *** removed ***
start 00000cb7 end 00000ce6 length    47 section .info.

(C:\Program Files (x86)\COSMIC\CXSTM8_32K\lib\libm0.sm8)ladd.o:
start ******** end ******** length     0 section .text *** removed ***
start 00000ce6 end 00000d14 length    46 section .info.

(C:\Program Files (x86)\COSMIC\CXSTM8_32K\lib\libm0.sm8)lgadd.o:
start ******** end ******** length     0 section .text *** removed ***
start 00000d14 end 00000d43 length    47 section .info.

(C:\Program Files (x86)\COSMIC\CXSTM8_32K\lib\libm0.sm8)lgsbc.o:
start ******** end ******** length     0 section .text *** removed ***
start 00000d43 end 00000d72 length    47 section .info.

(C:\Program Files (x86)\COSMIC\CXSTM8_32K\lib\libm0.sm8)lreg.o:
start ******** end ******** length     0 section .ubsct *** removed ***
start 00000d72 end 00000da0 length    46 section .info.

(C:\Program Files (x86)\COSMIC\CXSTM8_32K\lib\libm0.sm8)ltor.o:
start ******** end ******** length     0 section .text *** removed ***
start 00000da0 end 00000dce length    46 section .info.

(C:\Program Files (x86)\COSMIC\CXSTM8_32K\lib\libm0.sm8)ludiv.o:
start ******** end ******** length     0 section .text *** removed ***
start 00000dce end 00000dfd length    47 section .info.

(C:\Program Files (x86)\COSMIC\CXSTM8_32K\lib\libm0.sm8)ldiv.o:
start ******** end ******** length     0 section .text *** removed ***
start 00000dfd end 00000e2b length    46 section .info.

(C:\Program Files (x86)\COSMIC\CXSTM8_32K\lib\libm0.sm8)lgneg.o:
start ******** end ******** length     0 section .text *** removed ***
start 00000e2b end 00000e5a length    47 section .info.

(C:\Program Files (x86)\COSMIC\CXSTM8_32K\lib\libm0.sm8)lneg.o:
start ******** end ******** length     0 section .text *** removed ***
start 00000e5a end 00000e88 length    46 section .info.

(C:\Program Files (x86)\COSMIC\CXSTM8_32K\lib\libm0.sm8)lzmp.o:
start ******** end ******** length     0 section .text *** removed ***
start 00000e88 end 00000eb6 length    46 section .info.

(C:\Program Files (x86)\COSMIC\CXSTM8_32K\lib\libm0.sm8)rtol.o:
start ******** end ******** length     0 section .text *** removed ***
start 00000eb6 end 00000ee4 length    46 section .info.

(C:\Program Files (x86)\COSMIC\CXSTM8_32K\lib\libm0.sm8)xreg.o:
start 0000000b end 0000000e length     3 section .ubsct
start 00000ee4 end 00000f12 length    46 section .info.

(C:\Program Files (x86)\COSMIC\CXSTM8_32K\lib\libm0.sm8)yreg.o:
start 0000000e end 00000011 length     3 section .ubsct
start 00000f12 end 00000f40 length    46 section .info.

Debug\stm8_interrupt_vector.o:
start 000106cc end 000107f2 length   294 section .debug
start 00000f40 end 00000ff3 length   179 section .info.
start 00008000 end 00008080 length   128 section .const


                             -----------
                             Stack usage
                             -----------

Debug\config.o:
_Config                                           8   (2)

Debug\errors.o:
_Errors_Init                                      3   (3)

Debug\main.o:
L3_Goto_HALT                                      6   (2)
_main                                        >   12   (2)

Debug\rf_send.o:
_RF_Send                                         10   (5)

Debug\stm8l15x_clk.o:
_CLK_HaltConfig                                   4   (4)
_CLK_PeripheralClockConfig                        5   (5)

Debug\stm8l15x_exti.o:
_EXTI_SetPinSensitivity                           4   (4)

Debug\stm8l15x_gpio.o:
_GPIO_Init                                        6   (6)

Debug\stm8l15x_it.o:
f_ADC1_COMP_IRQHandler                       >    6   (6)
f_DMA1_CHANNEL0_1_IRQHandler                 >    6   (6)
f_DMA1_CHANNEL2_3_IRQHandler                 >    6   (6)
f_EXTI0_IRQHandler                           >   17   (12)
f_EXTI1_IRQHandler                           >    6   (6)
f_EXTI2_IRQHandler                           >    6   (6)
f_EXTI3_IRQHandler                           >    6   (6)
f_EXTI4_IRQHandler                           >    6   (6)
f_EXTI5_IRQHandler                           >    6   (6)
f_EXTI6_IRQHandler                           >    6   (6)
f_EXTI7_IRQHandler                           >    6   (6)
f_EXTIB_G_IRQHandler                         >    6   (6)
f_EXTID_H_IRQHandler                         >    6   (6)
f_EXTIE_F_PVD_IRQHandler                     >    6   (6)
f_FLASH_IRQHandler                           >    6   (6)
f_I2C1_SPI2_IRQHandler                       >    6   (6)
f_LCD_AES_IRQHandler                         >    6   (6)
f_NonHandledInterrupt                        >    6   (6)
f_RTC_CSSLSE_IRQHandler                      >    6   (6)
f_SPI1_IRQHandler                            >    6   (6)
f_SWITCH_CSS_BREAK_DAC_IRQHandler            >    6   (6)
f_TIM1_CC_IRQHandler                         >    6   (6)
f_TIM1_UPD_OVF_TRG_COM_IRQHandler            >    6   (6)
f_TIM2_CC_USART2_RX_IRQHandler               >    6   (6)
f_TIM2_UPD_OVF_TRG_BRK_USART2_TX_IRQHandler  >    6   (6)
f_TIM3_CC_USART3_RX_IRQHandler               >    6   (6)
f_TIM3_UPD_OVF_TRG_BRK_USART3_TX_IRQHandler  >    6   (6)
f_TIM4_UPD_OVF_TRG_IRQHandler                >    6   (6)
f_TRAP_IRQHandler                            >    6   (6)
f_USART1_RX_TIM5_CC_IRQHandler               >    6   (6)
f_USART1_TX_TIM5_UPD_OVF_TRG_BRK_IRQHandler  >    6   (6)

Debug\stm8l15x_pwr.o:
_PWR_FastWakeUpCmd                                2   (2)
_PWR_UltraLowPowerCmd                             2   (2)

Debug\stm8l15x_tim4.o:
_TIM4_TimeBaseInit                                2   (2)

Stack size: 29


                              ---------
                              Call tree
                              ---------
   1 > __stext: (0)

   2 > _main: (2)
   3      + L3_Goto_HALT: (2)
   4      |    + _CLK_HaltConfig: (4)
   5      |    + _PWR_FastWakeUpCmd: (2)
   6      |    + _PWR_UltraLowPowerCmd: (2)
          | 
   7      + _CLK_PeripheralClockConfig: (5)
   8      + _Config: (2)
   9      |    + _EXTI_SetPinSensitivity: (4)
  10      |    + _GPIO_Init: (6)
          | 
  11      + _Errors_Init: (3)
  12      + _RF_Send: (5)
  13      |    + _CLK_PeripheralClockConfig --> 7
  14      |    + _TIM4_TimeBaseInit: (2)
          | 
       
  15 > f_ADC1_COMP_IRQHandler: (6)

  16 > f_DMA1_CHANNEL0_1_IRQHandler: (6)

  17 > f_DMA1_CHANNEL2_3_IRQHandler: (6)

  18 > f_EXTI0_IRQHandler: (12)
  19      + _CLK_PeripheralClockConfig --> 7
       
  20 > f_EXTI1_IRQHandler: (6)

  21 > f_EXTI2_IRQHandler: (6)

  22 > f_EXTI3_IRQHandler: (6)

  23 > f_EXTI4_IRQHandler: (6)

  24 > f_EXTI5_IRQHandler: (6)

  25 > f_EXTI6_IRQHandler: (6)

  26 > f_EXTI7_IRQHandler: (6)

  27 > f_EXTIB_G_IRQHandler: (6)

  28 > f_EXTID_H_IRQHandler: (6)

  29 > f_EXTIE_F_PVD_IRQHandler: (6)

  30 > f_FLASH_IRQHandler: (6)

  31 > f_I2C1_SPI2_IRQHandler: (6)

  32 > f_LCD_AES_IRQHandler: (6)

  33 > f_NonHandledInterrupt: (6)

  34 > f_RTC_CSSLSE_IRQHandler: (6)

  35 > f_SPI1_IRQHandler: (6)

  36 > f_SWITCH_CSS_BREAK_DAC_IRQHandler: (6)

  37 > f_TIM1_CC_IRQHandler: (6)

  38 > f_TIM1_UPD_OVF_TRG_COM_IRQHandler: (6)

  39 > f_TIM2_CC_USART2_RX_IRQHandler: (6)

  40 > f_TIM2_UPD_OVF_TRG_BRK_USART2_TX_IRQHandler: (6)

  41 > f_TIM3_CC_USART3_RX_IRQHandler: (6)

  42 > f_TIM3_UPD_OVF_TRG_BRK_USART3_TX_IRQHandler: (6)

  43 > f_TIM4_UPD_OVF_TRG_IRQHandler: (6)

  44 > f_TRAP_IRQHandler: (6)

  45 > f_USART1_RX_TIM5_CC_IRQHandler: (6)

  46 > f_USART1_TX_TIM5_UPD_OVF_TRG_BRK_IRQHandler: (6)

  47   L3_Goto_HALT --> 3

  48   _CLK_HaltConfig --> 4

  49   _CLK_PeripheralClockConfig --> 7

  50   _Config --> 8

  51   _EXTI_SetPinSensitivity --> 9

  52   _Errors_Init --> 11

  53   _GPIO_Init --> 10

  54   _PWR_FastWakeUpCmd --> 5

  55   _PWR_UltraLowPowerCmd --> 6

  56   _RF_Send --> 12

  57   _TIM4_TimeBaseInit --> 14



                               -------
                               Symbols
                               -------

_CLK_AdjustHSICalibrationValue                ********   *** removed from Debug\stm8l15x_clk.o ***
_CLK_BEEPClockConfig                          ********   *** removed from Debug\stm8l15x_clk.o ***
_CLK_CCOConfig                                ********   *** removed from Debug\stm8l15x_clk.o ***
_CLK_ClearFlag                                ********   *** removed from Debug\stm8l15x_clk.o ***
_CLK_ClearITPendingBit                        ********   *** removed from Debug\stm8l15x_clk.o ***
_CLK_ClockSecuritySystemEnable                ********   *** removed from Debug\stm8l15x_clk.o ***
_CLK_ClockSecuritySytemDeglitchCmd            ********   *** removed from Debug\stm8l15x_clk.o ***
_CLK_DeInit                                   ********   *** removed from Debug\stm8l15x_clk.o ***
_CLK_GetClockFreq                             ********   *** removed from Debug\stm8l15x_clk.o ***
_CLK_GetFlagStatus                            ********   *** removed from Debug\stm8l15x_clk.o ***
_CLK_GetITStatus                              ********   *** removed from Debug\stm8l15x_clk.o ***
_CLK_GetSYSCLKSource                          ********   *** removed from Debug\stm8l15x_clk.o ***
_CLK_HSEConfig                                ********   *** removed from Debug\stm8l15x_clk.o ***
_CLK_HSICmd                                   ********   *** removed from Debug\stm8l15x_clk.o ***
_CLK_HaltConfig                               000082ef   defined in Debug\stm8l15x_clk.o section .text
                                                         used in Debug\main.o
_CLK_ITConfig                                 ********   *** removed from Debug\stm8l15x_clk.o ***
_CLK_LSEClockSecuritySystemEnable             ********   *** removed from Debug\stm8l15x_clk.o ***
_CLK_LSEConfig                                ********   *** removed from Debug\stm8l15x_clk.o ***
_CLK_LSICmd                                   ********   *** removed from Debug\stm8l15x_clk.o ***
_CLK_MainRegulatorCmd                         ********   *** removed from Debug\stm8l15x_clk.o ***
_CLK_PeripheralClockConfig                    0000824e   defined in Debug\stm8l15x_clk.o section .text
                                                         used in Debug\rf_send.o
                                                                 Debug\main.o
                                                                 Debug\stm8l15x_it.o
_CLK_RTCCLKSwitchOnLSEFailureEnable           ********   *** removed from Debug\stm8l15x_clk.o ***
_CLK_RTCClockConfig                           ********   *** removed from Debug\stm8l15x_clk.o ***
_CLK_SYSCLKDivConfig                          ********   *** removed from Debug\stm8l15x_clk.o ***
_CLK_SYSCLKSourceConfig                       ********   *** removed from Debug\stm8l15x_clk.o ***
_CLK_SYSCLKSourceSwitchCmd                    ********   *** removed from Debug\stm8l15x_clk.o ***
_Config                                       00008462   defined in Debug\config.o section .text
                                                         used in Debug\main.o
_EXTI_ClearITPendingBit                       ********   *** removed from Debug\stm8l15x_exti.o ***
_EXTI_DeInit                                  ********   *** removed from Debug\stm8l15x_exti.o ***
_EXTI_GetITStatus                             ********   *** removed from Debug\stm8l15x_exti.o ***
_EXTI_GetPinSensitivity                       ********   *** removed from Debug\stm8l15x_exti.o ***
_EXTI_GetPortSensitivity                      ********   *** removed from Debug\stm8l15x_exti.o ***
_EXTI_SelectPort                              ********   *** removed from Debug\stm8l15x_exti.o ***
_EXTI_SetHalfPortSelection                    ********   *** removed from Debug\stm8l15x_exti.o ***
_EXTI_SetPinSensitivity                       00008155   defined in Debug\stm8l15x_exti.o section .text
                                                         used in Debug\config.o
_EXTI_SetPortSensitivity                      ********   *** removed from Debug\stm8l15x_exti.o ***
_Errors_CheckError                            ********   *** removed from Debug\errors.o ***
_Errors_Init                                  0000844c   defined in Debug\errors.o section .text
                                                         used in Debug\main.o
_Errors_IsError                               ********   *** removed from Debug\errors.o ***
_Errors_NumErrors                             ********   *** removed from Debug\errors.o ***
_Errors_ResetError                            ********   *** removed from Debug\errors.o ***
_Errors_SetError                              ********   *** removed from Debug\errors.o ***
_FLASH_DeInit                                 ********   *** removed from Debug\stm8l15x_flash.o ***
_FLASH_EraseBlock                             ********   *** removed from Debug\stm8l15x_flash.o ***
_FLASH_EraseByte                              ********   *** removed from Debug\stm8l15x_flash.o ***
_FLASH_EraseOptionByte                        ********   *** removed from Debug\stm8l15x_flash.o ***
_FLASH_GetBootSize                            ********   *** removed from Debug\stm8l15x_flash.o ***
_FLASH_GetCodeSize                            ********   *** removed from Debug\stm8l15x_flash.o ***
_FLASH_GetFlagStatus                          ********   *** removed from Debug\stm8l15x_flash.o ***
_FLASH_GetPowerStatus                         ********   *** removed from Debug\stm8l15x_flash.o ***
_FLASH_GetProgrammingTime                     ********   *** removed from Debug\stm8l15x_flash.o ***
_FLASH_GetReadOutProtectionStatus             ********   *** removed from Debug\stm8l15x_flash.o ***
_FLASH_ITConfig                               ********   *** removed from Debug\stm8l15x_flash.o ***
_FLASH_Lock                                   ********   *** removed from Debug\stm8l15x_flash.o ***
_FLASH_PowerRunModeConfig                     ********   *** removed from Debug\stm8l15x_flash.o ***
_FLASH_PowerWaitModeConfig                    ********   *** removed from Debug\stm8l15x_flash.o ***
_FLASH_ProgramBlock                           ********   *** removed from Debug\stm8l15x_flash.o ***
_FLASH_ProgramByte                            ********   *** removed from Debug\stm8l15x_flash.o ***
_FLASH_ProgramOptionByte                      ********   *** removed from Debug\stm8l15x_flash.o ***
_FLASH_ProgramWord                            ********   *** removed from Debug\stm8l15x_flash.o ***
_FLASH_ReadByte                               ********   *** removed from Debug\stm8l15x_flash.o ***
_FLASH_SetProgrammingTime                     ********   *** removed from Debug\stm8l15x_flash.o ***
_FLASH_Unlock                                 ********   *** removed from Debug\stm8l15x_flash.o ***
_FLASH_WaitForLastOperation                   ********   *** removed from Debug\stm8l15x_flash.o ***
_GPIO_DeInit                                  ********   *** removed from Debug\stm8l15x_gpio.o ***
_GPIO_ExternalPullUpConfig                    ********   *** removed from Debug\stm8l15x_gpio.o ***
_GPIO_Init                                    00008100   defined in Debug\stm8l15x_gpio.o section .text
                                                         used in Debug\config.o
_GPIO_ReadInputData                           ********   *** removed from Debug\stm8l15x_gpio.o ***
_GPIO_ReadInputDataBit                        ********   *** removed from Debug\stm8l15x_gpio.o ***
_GPIO_ReadOutputData                          ********   *** removed from Debug\stm8l15x_gpio.o ***
_GPIO_ReadOutputDataBit                       ********   *** removed from Debug\stm8l15x_gpio.o ***
_GPIO_ResetBits                               ********   *** removed from Debug\stm8l15x_gpio.o ***
_GPIO_SetBits                                 ********   *** removed from Debug\stm8l15x_gpio.o ***
_GPIO_ToggleBits                              ********   *** removed from Debug\stm8l15x_gpio.o ***
_GPIO_Write                                   ********   *** removed from Debug\stm8l15x_gpio.o ***
_GPIO_WriteBit                                ********   *** removed from Debug\stm8l15x_gpio.o ***
_IWDG_Enable                                  ********   *** removed from Debug\stm8l15x_iwdg.o ***
_IWDG_ReloadCounter                           ********   *** removed from Debug\stm8l15x_iwdg.o ***
_IWDG_SetPrescaler                            ********   *** removed from Debug\stm8l15x_iwdg.o ***
_IWDG_SetReload                               ********   *** removed from Debug\stm8l15x_iwdg.o ***
_IWDG_WriteAccessCmd                          ********   *** removed from Debug\stm8l15x_iwdg.o ***
_PWR_DeInit                                   ********   *** removed from Debug\stm8l15x_pwr.o ***
_PWR_FastWakeUpCmd                            000080e6   defined in Debug\stm8l15x_pwr.o section .text
                                                         used in Debug\main.o
_PWR_GetFlagStatus                            ********   *** removed from Debug\stm8l15x_pwr.o ***
_PWR_PVDClearFlag                             ********   *** removed from Debug\stm8l15x_pwr.o ***
_PWR_PVDClearITPendingBit                     ********   *** removed from Debug\stm8l15x_pwr.o ***
_PWR_PVDCmd                                   ********   *** removed from Debug\stm8l15x_pwr.o ***
_PWR_PVDGetITStatus                           ********   *** removed from Debug\stm8l15x_pwr.o ***
_PWR_PVDITConfig                              ********   *** removed from Debug\stm8l15x_pwr.o ***
_PWR_PVDLevelConfig                           ********   *** removed from Debug\stm8l15x_pwr.o ***
_PWR_UltraLowPowerCmd                         000080f3   defined in Debug\stm8l15x_pwr.o section .text
                                                         used in Debug\main.o
_RF_Send                                      00008305   defined in Debug\rf_send.o section .text
                                                         used in Debug\main.o
_RST_ClearFlag                                ********   *** removed from Debug\stm8l15x_rst.o ***
_RST_GPOutputEnable                           ********   *** removed from Debug\stm8l15x_rst.o ***
_RST_GetFlagStatus                            ********   *** removed from Debug\stm8l15x_rst.o ***
_SPI_BiDirectionalLineConfig                  ********   *** removed from Debug\stm8l15x_spi.o ***
_SPI_CalculateCRCCmd                          ********   *** removed from Debug\stm8l15x_spi.o ***
_SPI_ClearFlag                                ********   *** removed from Debug\stm8l15x_spi.o ***
_SPI_ClearITPendingBit                        ********   *** removed from Debug\stm8l15x_spi.o ***
_SPI_Cmd                                      ********   *** removed from Debug\stm8l15x_spi.o ***
_SPI_DMACmd                                   ********   *** removed from Debug\stm8l15x_spi.o ***
_SPI_DeInit                                   ********   *** removed from Debug\stm8l15x_spi.o ***
_SPI_GetCRC                                   ********   *** removed from Debug\stm8l15x_spi.o ***
_SPI_GetCRCPolynomial                         ********   *** removed from Debug\stm8l15x_spi.o ***
_SPI_GetFlagStatus                            ********   *** removed from Debug\stm8l15x_spi.o ***
_SPI_GetITStatus                              ********   *** removed from Debug\stm8l15x_spi.o ***
_SPI_ITConfig                                 ********   *** removed from Debug\stm8l15x_spi.o ***
_SPI_Init                                     ********   *** removed from Debug\stm8l15x_spi.o ***
_SPI_NSSInternalSoftwareCmd                   ********   *** removed from Debug\stm8l15x_spi.o ***
_SPI_ReceiveData                              ********   *** removed from Debug\stm8l15x_spi.o ***
_SPI_ResetCRC                                 ********   *** removed from Debug\stm8l15x_spi.o ***
_SPI_SendData                                 ********   *** removed from Debug\stm8l15x_spi.o ***
_SPI_TransmitCRC                              ********   *** removed from Debug\stm8l15x_spi.o ***
_SYSCFG_REMAPDMAChannelConfig                 ********   *** removed from Debug\stm8l15x_syscfg.o ***
_SYSCFG_REMAPDeInit                           ********   *** removed from Debug\stm8l15x_syscfg.o ***
_SYSCFG_REMAPPinConfig                        ********   *** removed from Debug\stm8l15x_syscfg.o ***
_SYSCFG_RIAnalogSwitchConfig                  ********   *** removed from Debug\stm8l15x_syscfg.o ***
_SYSCFG_RIDeInit                              ********   *** removed from Debug\stm8l15x_syscfg.o ***
_SYSCFG_RIIOSwitchConfig                      ********   *** removed from Debug\stm8l15x_syscfg.o ***
_SYSCFG_RIResistorConfig                      ********   *** removed from Debug\stm8l15x_syscfg.o ***
_SYSCFG_RITIMInputCaptureConfig               ********   *** removed from Debug\stm8l15x_syscfg.o ***
_SYSDivFactor                                 ********   *** removed from Debug\stm8l15x_clk.o ***
_TIM2_ARRPreloadConfig                        ********   *** removed from Debug\stm8l15x_tim2.o ***
_TIM2_BKRConfig                               ********   *** removed from Debug\stm8l15x_tim2.o ***
_TIM2_CCxCmd                                  ********   *** removed from Debug\stm8l15x_tim2.o ***
_TIM2_ClearFlag                               ********   *** removed from Debug\stm8l15x_tim2.o ***
_TIM2_ClearITPendingBit                       ********   *** removed from Debug\stm8l15x_tim2.o ***
_TIM2_Cmd                                     ********   *** removed from Debug\stm8l15x_tim2.o ***
_TIM2_CounterModeConfig                       ********   *** removed from Debug\stm8l15x_tim2.o ***
_TIM2_CtrlPWMOutputs                          ********   *** removed from Debug\stm8l15x_tim2.o ***
_TIM2_DMACmd                                  ********   *** removed from Debug\stm8l15x_tim2.o ***
_TIM2_DeInit                                  ********   *** removed from Debug\stm8l15x_tim2.o ***
_TIM2_ETRClockMode1Config                     ********   *** removed from Debug\stm8l15x_tim2.o ***
_TIM2_ETRClockMode2Config                     ********   *** removed from Debug\stm8l15x_tim2.o ***
_TIM2_ETRConfig                               ********   *** removed from Debug\stm8l15x_tim2.o ***
_TIM2_EncoderInterfaceConfig                  ********   *** removed from Debug\stm8l15x_tim2.o ***
_TIM2_ForcedOC1Config                         ********   *** removed from Debug\stm8l15x_tim2.o ***
_TIM2_ForcedOC2Config                         ********   *** removed from Debug\stm8l15x_tim2.o ***
_TIM2_GenerateEvent                           ********   *** removed from Debug\stm8l15x_tim2.o ***
_TIM2_GetCapture1                             ********   *** removed from Debug\stm8l15x_tim2.o ***
_TIM2_GetCapture2                             ********   *** removed from Debug\stm8l15x_tim2.o ***
_TIM2_GetCounter                              ********   *** removed from Debug\stm8l15x_tim2.o ***
_TIM2_GetFlagStatus                           ********   *** removed from Debug\stm8l15x_tim2.o ***
_TIM2_GetITStatus                             ********   *** removed from Debug\stm8l15x_tim2.o ***
_TIM2_GetPrescaler                            ********   *** removed from Debug\stm8l15x_tim2.o ***
_TIM2_ICInit                                  ********   *** removed from Debug\stm8l15x_tim2.o ***
_TIM2_ITConfig                                ********   *** removed from Debug\stm8l15x_tim2.o ***
_TIM2_InternalClockConfig                     ********   *** removed from Debug\stm8l15x_tim2.o ***
_TIM2_OC1FastConfig                           ********   *** removed from Debug\stm8l15x_tim2.o ***
_TIM2_OC1Init                                 ********   *** removed from Debug\stm8l15x_tim2.o ***
_TIM2_OC1PolarityConfig                       ********   *** removed from Debug\stm8l15x_tim2.o ***
_TIM2_OC1PreloadConfig                        ********   *** removed from Debug\stm8l15x_tim2.o ***
_TIM2_OC2FastConfig                           ********   *** removed from Debug\stm8l15x_tim2.o ***
_TIM2_OC2Init                                 ********   *** removed from Debug\stm8l15x_tim2.o ***
_TIM2_OC2PolarityConfig                       ********   *** removed from Debug\stm8l15x_tim2.o ***
_TIM2_OC2PreloadConfig                        ********   *** removed from Debug\stm8l15x_tim2.o ***
_TIM2_PWMIConfig                              ********   *** removed from Debug\stm8l15x_tim2.o ***
_TIM2_PrescalerConfig                         ********   *** removed from Debug\stm8l15x_tim2.o ***
_TIM2_SelectCCDMA                             ********   *** removed from Debug\stm8l15x_tim2.o ***
_TIM2_SelectHallSensor                        ********   *** removed from Debug\stm8l15x_tim2.o ***
_TIM2_SelectInputTrigger                      ********   *** removed from Debug\stm8l15x_tim2.o ***
_TIM2_SelectMasterSlaveMode                   ********   *** removed from Debug\stm8l15x_tim2.o ***
_TIM2_SelectOCxM                              ********   *** removed from Debug\stm8l15x_tim2.o ***
_TIM2_SelectOnePulseMode                      ********   *** removed from Debug\stm8l15x_tim2.o ***
_TIM2_SelectOutputTrigger                     ********   *** removed from Debug\stm8l15x_tim2.o ***
_TIM2_SelectSlaveMode                         ********   *** removed from Debug\stm8l15x_tim2.o ***
_TIM2_SetAutoreload                           ********   *** removed from Debug\stm8l15x_tim2.o ***
_TIM2_SetCompare1                             ********   *** removed from Debug\stm8l15x_tim2.o ***
_TIM2_SetCompare2                             ********   *** removed from Debug\stm8l15x_tim2.o ***
_TIM2_SetCounter                              ********   *** removed from Debug\stm8l15x_tim2.o ***
_TIM2_SetIC1Prescaler                         ********   *** removed from Debug\stm8l15x_tim2.o ***
_TIM2_SetIC2Prescaler                         ********   *** removed from Debug\stm8l15x_tim2.o ***
_TIM2_TIxExternalClockConfig                  ********   *** removed from Debug\stm8l15x_tim2.o ***
_TIM2_TimeBaseInit                            ********   *** removed from Debug\stm8l15x_tim2.o ***
_TIM2_UpdateDisableConfig                     ********   *** removed from Debug\stm8l15x_tim2.o ***
_TIM2_UpdateRequestConfig                     ********   *** removed from Debug\stm8l15x_tim2.o ***
_TIM3_ARRPreloadConfig                        ********   *** removed from Debug\stm8l15x_tim3.o ***
_TIM3_BKRConfig                               ********   *** removed from Debug\stm8l15x_tim3.o ***
_TIM3_CCxCmd                                  ********   *** removed from Debug\stm8l15x_tim3.o ***
_TIM3_ClearFlag                               ********   *** removed from Debug\stm8l15x_tim3.o ***
_TIM3_ClearITPendingBit                       ********   *** removed from Debug\stm8l15x_tim3.o ***
_TIM3_Cmd                                     ********   *** removed from Debug\stm8l15x_tim3.o ***
_TIM3_CounterModeConfig                       ********   *** removed from Debug\stm8l15x_tim3.o ***
_TIM3_CtrlPWMOutputs                          ********   *** removed from Debug\stm8l15x_tim3.o ***
_TIM3_DMACmd                                  ********   *** removed from Debug\stm8l15x_tim3.o ***
_TIM3_DeInit                                  ********   *** removed from Debug\stm8l15x_tim3.o ***
_TIM3_ETRClockMode1Config                     ********   *** removed from Debug\stm8l15x_tim3.o ***
_TIM3_ETRClockMode2Config                     ********   *** removed from Debug\stm8l15x_tim3.o ***
_TIM3_ETRConfig                               ********   *** removed from Debug\stm8l15x_tim3.o ***
_TIM3_EncoderInterfaceConfig                  ********   *** removed from Debug\stm8l15x_tim3.o ***
_TIM3_ForcedOC1Config                         ********   *** removed from Debug\stm8l15x_tim3.o ***
_TIM3_ForcedOC2Config                         ********   *** removed from Debug\stm8l15x_tim3.o ***
_TIM3_GenerateEvent                           ********   *** removed from Debug\stm8l15x_tim3.o ***
_TIM3_GetCapture1                             ********   *** removed from Debug\stm8l15x_tim3.o ***
_TIM3_GetCapture2                             ********   *** removed from Debug\stm8l15x_tim3.o ***
_TIM3_GetCounter                              ********   *** removed from Debug\stm8l15x_tim3.o ***
_TIM3_GetFlagStatus                           ********   *** removed from Debug\stm8l15x_tim3.o ***
_TIM3_GetITStatus                             ********   *** removed from Debug\stm8l15x_tim3.o ***
_TIM3_GetPrescaler                            ********   *** removed from Debug\stm8l15x_tim3.o ***
_TIM3_ICInit                                  ********   *** removed from Debug\stm8l15x_tim3.o ***
_TIM3_ITConfig                                ********   *** removed from Debug\stm8l15x_tim3.o ***
_TIM3_InternalClockConfig                     ********   *** removed from Debug\stm8l15x_tim3.o ***
_TIM3_OC1FastConfig                           ********   *** removed from Debug\stm8l15x_tim3.o ***
_TIM3_OC1Init                                 ********   *** removed from Debug\stm8l15x_tim3.o ***
_TIM3_OC1PolarityConfig                       ********   *** removed from Debug\stm8l15x_tim3.o ***
_TIM3_OC1PreloadConfig                        ********   *** removed from Debug\stm8l15x_tim3.o ***
_TIM3_OC2FastConfig                           ********   *** removed from Debug\stm8l15x_tim3.o ***
_TIM3_OC2Init                                 ********   *** removed from Debug\stm8l15x_tim3.o ***
_TIM3_OC2PolarityConfig                       ********   *** removed from Debug\stm8l15x_tim3.o ***
_TIM3_OC2PreloadConfig                        ********   *** removed from Debug\stm8l15x_tim3.o ***
_TIM3_PWMIConfig                              ********   *** removed from Debug\stm8l15x_tim3.o ***
_TIM3_PrescalerConfig                         ********   *** removed from Debug\stm8l15x_tim3.o ***
_TIM3_SelectCCDMA                             ********   *** removed from Debug\stm8l15x_tim3.o ***
_TIM3_SelectHallSensor                        ********   *** removed from Debug\stm8l15x_tim3.o ***
_TIM3_SelectInputTrigger                      ********   *** removed from Debug\stm8l15x_tim3.o ***
_TIM3_SelectMasterSlaveMode                   ********   *** removed from Debug\stm8l15x_tim3.o ***
_TIM3_SelectOCxM                              ********   *** removed from Debug\stm8l15x_tim3.o ***
_TIM3_SelectOnePulseMode                      ********   *** removed from Debug\stm8l15x_tim3.o ***
_TIM3_SelectOutputTrigger                     ********   *** removed from Debug\stm8l15x_tim3.o ***
_TIM3_SelectSlaveMode                         ********   *** removed from Debug\stm8l15x_tim3.o ***
_TIM3_SetAutoreload                           ********   *** removed from Debug\stm8l15x_tim3.o ***
_TIM3_SetCompare1                             ********   *** removed from Debug\stm8l15x_tim3.o ***
_TIM3_SetCompare2                             ********   *** removed from Debug\stm8l15x_tim3.o ***
_TIM3_SetCounter                              ********   *** removed from Debug\stm8l15x_tim3.o ***
_TIM3_SetIC1Prescaler                         ********   *** removed from Debug\stm8l15x_tim3.o ***
_TIM3_SetIC2Prescaler                         ********   *** removed from Debug\stm8l15x_tim3.o ***
_TIM3_TIxExternalClockConfig                  ********   *** removed from Debug\stm8l15x_tim3.o ***
_TIM3_TimeBaseInit                            ********   *** removed from Debug\stm8l15x_tim3.o ***
_TIM3_UpdateDisableConfig                     ********   *** removed from Debug\stm8l15x_tim3.o ***
_TIM3_UpdateRequestConfig                     ********   *** removed from Debug\stm8l15x_tim3.o ***
_TIM4_ARRPreloadConfig                        ********   *** removed from Debug\stm8l15x_tim4.o ***
_TIM4_ClearFlag                               ********   *** removed from Debug\stm8l15x_tim4.o ***
_TIM4_ClearITPendingBit                       ********   *** removed from Debug\stm8l15x_tim4.o ***
_TIM4_Cmd                                     ********   *** removed from Debug\stm8l15x_tim4.o ***
_TIM4_DMACmd                                  ********   *** removed from Debug\stm8l15x_tim4.o ***
_TIM4_DeInit                                  ********   *** removed from Debug\stm8l15x_tim4.o ***
_TIM4_GenerateEvent                           ********   *** removed from Debug\stm8l15x_tim4.o ***
_TIM4_GetCounter                              ********   *** removed from Debug\stm8l15x_tim4.o ***
_TIM4_GetFlagStatus                           ********   *** removed from Debug\stm8l15x_tim4.o ***
_TIM4_GetITStatus                             ********   *** removed from Debug\stm8l15x_tim4.o ***
_TIM4_GetPrescaler                            ********   *** removed from Debug\stm8l15x_tim4.o ***
_TIM4_ITConfig                                ********   *** removed from Debug\stm8l15x_tim4.o ***
_TIM4_InternalClockConfig                     ********   *** removed from Debug\stm8l15x_tim4.o ***
_TIM4_PrescalerConfig                         ********   *** removed from Debug\stm8l15x_tim4.o ***
_TIM4_SelectInputTrigger                      ********   *** removed from Debug\stm8l15x_tim4.o ***
_TIM4_SelectMasterSlaveMode                   ********   *** removed from Debug\stm8l15x_tim4.o ***
_TIM4_SelectOnePulseMode                      ********   *** removed from Debug\stm8l15x_tim4.o ***
_TIM4_SelectOutputTrigger                     ********   *** removed from Debug\stm8l15x_tim4.o ***
_TIM4_SelectSlaveMode                         ********   *** removed from Debug\stm8l15x_tim4.o ***
_TIM4_SetAutoreload                           ********   *** removed from Debug\stm8l15x_tim4.o ***
_TIM4_SetCounter                              ********   *** removed from Debug\stm8l15x_tim4.o ***
_TIM4_TimeBaseInit                            000080d9   defined in Debug\stm8l15x_tim4.o section .text
                                                         used in Debug\rf_send.o
_TIM4_UpdateDisableConfig                     ********   *** removed from Debug\stm8l15x_tim4.o ***
_TIM4_UpdateRequestConfig                     ********   *** removed from Debug\stm8l15x_tim4.o ***
_WFE_DeInit                                   ********   *** removed from Debug\stm8l15x_wfe.o ***
_WFE_GetWakeUpSourceEventStatus               ********   *** removed from Debug\stm8l15x_wfe.o ***
_WFE_WakeUpSourceEventCmd                     ********   *** removed from Debug\stm8l15x_wfe.o ***
__endmem                                      000001ff   defined in command file
                                                         *** not used ***
__endzp                                       00000011   defined in command file section .ubsct
                                                         used in C:\Program Files (x86)\COSMIC\CXSTM8_32K\lib\crtsi0.sm8
__idesc__                                     00008080   defined in linker section .init
                                                         used in C:\Program Files (x86)\COSMIC\CXSTM8_32K\lib\crtsi0.sm8
__memory                                      00000100   defined in command file section .bss
                                                         used in C:\Program Files (x86)\COSMIC\CXSTM8_32K\lib\crtsi0.sm8
__stack                                       000003ff   defined in command file
                                                         used in C:\Program Files (x86)\COSMIC\CXSTM8_32K\lib\crtsi0.sm8
__startmem                                    00000100   defined in command file section .bss
                                                         *** not used ***
__stext                                       00008089   defined in C:\Program Files (x86)\COSMIC\CXSTM8_32K\lib\crtsi0.sm8 section .text
                                                         used in Debug\stm8_interrupt_vector.o
__vectab                                      00008000   defined in Debug\stm8_interrupt_vector.o section .const
_btn_pressed                                  00000000   defined in Debug\stm8l15x_it.o section .bsct, initialized
                                                         used in Debug\main.o
_delay_4us                                    ********   *** removed from Debug\delay.o ***
_delay_ms                                     ********   *** removed from Debug\delay.o ***
_exit                                         000080d7   defined in C:\Program Files (x86)\COSMIC\CXSTM8_32K\lib\crtsi0.sm8 section .text
_main                                         000084b1   defined in Debug\main.o section .text
                                                         used in C:\Program Files (x86)\COSMIC\CXSTM8_32K\lib\crtsi0.sm8
c_cmulx                                       ********   *** removed from (C:\Program Files (x86)\COSMIC\CXSTM8_32K\lib\libm0.sm8)cmulx.o ***
c_divsl                                       ********   *** removed from (C:\Program Files (x86)\COSMIC\CXSTM8_32K\lib\libm0.sm8)ldiv.o ***
c_divul                                       ********   *** removed from (C:\Program Files (x86)\COSMIC\CXSTM8_32K\lib\libm0.sm8)ldiv.o ***
c_ladd                                        ********   *** removed from (C:\Program Files (x86)\COSMIC\CXSTM8_32K\lib\libm0.sm8)ladd.o ***
c_lgadd                                       ********   *** removed from (C:\Program Files (x86)\COSMIC\CXSTM8_32K\lib\libm0.sm8)lgadd.o ***
c_lgneg                                       ********   *** removed from (C:\Program Files (x86)\COSMIC\CXSTM8_32K\lib\libm0.sm8)lgneg.o ***
c_lgsbc                                       ********   *** removed from (C:\Program Files (x86)\COSMIC\CXSTM8_32K\lib\libm0.sm8)lgsbc.o ***
c_lneg                                        ********   *** removed from (C:\Program Files (x86)\COSMIC\CXSTM8_32K\lib\libm0.sm8)lneg.o ***
c_lreg                                        ********   *** removed from (C:\Program Files (x86)\COSMIC\CXSTM8_32K\lib\libm0.sm8)lreg.o ***
c_ltor                                        ********   *** removed from (C:\Program Files (x86)\COSMIC\CXSTM8_32K\lib\libm0.sm8)ltor.o ***
c_ludv                                        ********   *** removed from (C:\Program Files (x86)\COSMIC\CXSTM8_32K\lib\libm0.sm8)ludiv.o ***
c_lzmp                                        ********   *** removed from (C:\Program Files (x86)\COSMIC\CXSTM8_32K\lib\libm0.sm8)lzmp.o ***
c_rtol                                        ********   *** removed from (C:\Program Files (x86)\COSMIC\CXSTM8_32K\lib\libm0.sm8)rtol.o ***
c_x                                           0000000b   defined in (C:\Program Files (x86)\COSMIC\CXSTM8_32K\lib\libm0.sm8)xreg.o section .ubsct
                                                         used in C:\Program Files (x86)\COSMIC\CXSTM8_32K\lib\crtsi0.sm8
                                                                 Debug\stm8l15x_it.o
                                                                 (C:\Program Files (x86)\COSMIC\CXSTM8_32K\lib\libm0.sm8)ldiv.o
c_y                                           0000000e   defined in (C:\Program Files (x86)\COSMIC\CXSTM8_32K\lib\libm0.sm8)yreg.o section .ubsct
                                                         used in C:\Program Files (x86)\COSMIC\CXSTM8_32K\lib\crtsi0.sm8
                                                                 Debug\stm8l15x_it.o
f_ADC1_COMP_IRQHandler                        000085a1   defined in Debug\stm8l15x_it.o section .text
                                                         used in Debug\stm8_interrupt_vector.o
f_DMA1_CHANNEL0_1_IRQHandler                  0000852d   defined in Debug\stm8l15x_it.o section .text
                                                         used in Debug\stm8_interrupt_vector.o
f_DMA1_CHANNEL2_3_IRQHandler                  0000852e   defined in Debug\stm8l15x_it.o section .text
                                                         used in Debug\stm8_interrupt_vector.o
f_EXTI0_IRQHandler                            00008533   defined in Debug\stm8l15x_it.o section .text
                                                         used in Debug\stm8_interrupt_vector.o
f_EXTI1_IRQHandler                            00008598   defined in Debug\stm8l15x_it.o section .text
                                                         used in Debug\stm8_interrupt_vector.o
f_EXTI2_IRQHandler                            00008599   defined in Debug\stm8l15x_it.o section .text
                                                         used in Debug\stm8_interrupt_vector.o
f_EXTI3_IRQHandler                            0000859a   defined in Debug\stm8l15x_it.o section .text
                                                         used in Debug\stm8_interrupt_vector.o
f_EXTI4_IRQHandler                            0000859b   defined in Debug\stm8l15x_it.o section .text
                                                         used in Debug\stm8_interrupt_vector.o
f_EXTI5_IRQHandler                            0000859c   defined in Debug\stm8l15x_it.o section .text
                                                         used in Debug\stm8_interrupt_vector.o
f_EXTI6_IRQHandler                            0000859d   defined in Debug\stm8l15x_it.o section .text
                                                         used in Debug\stm8_interrupt_vector.o
f_EXTI7_IRQHandler                            0000859e   defined in Debug\stm8l15x_it.o section .text
                                                         used in Debug\stm8_interrupt_vector.o
f_EXTIB_G_IRQHandler                          00008531   defined in Debug\stm8l15x_it.o section .text
                                                         used in Debug\stm8_interrupt_vector.o
f_EXTID_H_IRQHandler                          00008532   defined in Debug\stm8l15x_it.o section .text
                                                         used in Debug\stm8_interrupt_vector.o
f_EXTIE_F_PVD_IRQHandler                      00008530   defined in Debug\stm8l15x_it.o section .text
                                                         used in Debug\stm8_interrupt_vector.o
f_FLASH_IRQHandler                            0000852c   defined in Debug\stm8l15x_it.o section .text
                                                         used in Debug\stm8_interrupt_vector.o
f_I2C1_SPI2_IRQHandler                        000085ac   defined in Debug\stm8l15x_it.o section .text
                                                         used in Debug\stm8_interrupt_vector.o
f_LCD_AES_IRQHandler                          0000859f   defined in Debug\stm8l15x_it.o section .text
                                                         used in Debug\stm8_interrupt_vector.o
f_NonHandledInterrupt                         0000852a   defined in Debug\stm8l15x_it.o section .text
                                                         used in Debug\stm8_interrupt_vector.o
f_RTC_CSSLSE_IRQHandler                       0000852f   defined in Debug\stm8l15x_it.o section .text
                                                         used in Debug\stm8_interrupt_vector.o
f_SPI1_IRQHandler                             000085a9   defined in Debug\stm8l15x_it.o section .text
                                                         used in Debug\stm8_interrupt_vector.o
f_SWITCH_CSS_BREAK_DAC_IRQHandler             000085a0   defined in Debug\stm8l15x_it.o section .text
                                                         used in Debug\stm8_interrupt_vector.o
f_TIM1_CC_IRQHandler                          000085a7   defined in Debug\stm8l15x_it.o section .text
                                                         used in Debug\stm8_interrupt_vector.o
f_TIM1_UPD_OVF_TRG_COM_IRQHandler             000085a6   defined in Debug\stm8l15x_it.o section .text
                                                         used in Debug\stm8_interrupt_vector.o
f_TIM2_CC_USART2_RX_IRQHandler                000085a3   defined in Debug\stm8l15x_it.o section .text
                                                         used in Debug\stm8_interrupt_vector.o
f_TIM2_UPD_OVF_TRG_BRK_USART2_TX_IRQHandler   000085a2   defined in Debug\stm8l15x_it.o section .text
                                                         used in Debug\stm8_interrupt_vector.o
f_TIM3_CC_USART3_RX_IRQHandler                000085a5   defined in Debug\stm8l15x_it.o section .text
                                                         used in Debug\stm8_interrupt_vector.o
f_TIM3_UPD_OVF_TRG_BRK_USART3_TX_IRQHandler   000085a4   defined in Debug\stm8l15x_it.o section .text
                                                         used in Debug\stm8_interrupt_vector.o
f_TIM4_UPD_OVF_TRG_IRQHandler                 000085a8   defined in Debug\stm8l15x_it.o section .text
                                                         used in Debug\stm8_interrupt_vector.o
f_TRAP_IRQHandler                             0000852b   defined in Debug\stm8l15x_it.o section .text
                                                         used in Debug\stm8_interrupt_vector.o
f_USART1_RX_TIM5_CC_IRQHandler                000085ab   defined in Debug\stm8l15x_it.o section .text
                                                         used in Debug\stm8_interrupt_vector.o
f_USART1_TX_TIM5_UPD_OVF_TRG_BRK_IRQHandler   000085aa   defined in Debug\stm8l15x_it.o section .text
                                                         used in Debug\stm8_interrupt_vector.o
