
Map of Debug\stm8l10x.sm8 from link file Debug\stm8l10x.lkf - Fri Oct 09 17:17:50 2015


                               --------
                               Segments
                               --------

start 00008080 end 00008080 length     0 segment .const
start 000080d0 end 00008b14 length  2628 segment .text
start 00000000 end 00000041 length    65 segment .bsct, initialized
start 0000808d end 000080ce length    65 segment .bsct, from
start 00000041 end 000000fd length   188 segment .ubsct
start 0000fd:0 end 0000ff:0 length    16 segment .bit, initialized
start 000080ce end 000080d0 length     2 segment .bit, from
start 000000ff end 000000ff length     0 segment .share
start 00000100 end 00000100 length     0 segment .data
start 00000100 end 00000100 length     0 segment .bss
start 00000000 end 00000d8a length  3466 segment .info.
start 00000000 end 0000d6c6 length 54982 segment .debug
start 00008000 end 00008080 length   128 segment .const
start 00008080 end 0000808d length    13 segment .init


                               -------
                               Modules
                               -------

C:\Program Files (x86)\COSMIC\CXSTM8_32K\lib\crtsi0.sm8:
start 000080d0 end 00008120 length    80 section .text
start 00000100 end 00000100 length     0 section .bss
start 00000041 end 00000041 length     0 section .ubsct
start 00000000 end 0000002f length    47 section .info.

Debug\config.o:
start 00000000 end 000000b2 length   178 section .debug
start 0000002f end 000000c6 length   151 section .info.
start 00008120 end 000081f2 length   210 section .text

Debug\delay.o:
start 000000b2 end 000001dd length   299 section .debug
start 000000c6 end 0000015c length   150 section .info.
start ******** end ******** length     0 section .text *** removed ***
start ******** end ******** length     0 section .text *** removed ***

Debug\errors.o:
start 00000041 end 0000004d length    12 section .ubsct
start 000001dd end 00000562 length   901 section .debug
start 0000015c end 000001f3 length   151 section .info.
start ******** end ******** length     0 section .const *** removed ***
start 000081f2 end 00008208 length    22 section .text
start ******** end ******** length     0 section .text *** removed ***
start ******** end ******** length     0 section .text *** removed ***
start ******** end ******** length     0 section .text *** removed ***
start 00008208 end 00008223 length    27 section .text
start ******** end ******** length     0 section .text *** removed ***

Debug\main.o:
start 00000000 end 00000009 length     9 section .bsct
start 0000004d end 00000052 length     5 section .ubsct
start 00000562 end 00000c44 length  1762 section .debug
start 000001f3 end 00000288 length   149 section .info.
start 0000fd:0 end 0000fd:4 length     4 section .bit
start 00008223 end 000083c6 length   419 section .text
start ******** end ******** length     0 section .text *** removed ***
start ******** end ******** length     0 section .text *** removed ***
start ******** end ******** length     0 section .text *** removed ***
start ******** end ******** length     0 section .text *** removed ***
start 000083c6 end 000083c9 length     3 section .text
start 000083c9 end 000083ca length     1 section .text
start ******** end ******** length     0 section .const *** removed ***

Debug\stm8l10x_it.o:
start 00000009 end 00000035 length    44 section .bsct
start 00000052 end 000000f7 length   165 section .ubsct
start 00000c44 end 00001b7c length  3896 section .debug
start 00000288 end 00000324 length   156 section .info.
start 0000fd:4 end 0000fe:5 length     9 section .bit
start 000083ca end 000083cb length     1 section .text
start 000083cb end 00008696 length   715 section .text
start 00008696 end 00008855 length   447 section .text
start 00008855 end 00008856 length     1 section .text
start 00008856 end 00008857 length     1 section .text
start 00008857 end 00008858 length     1 section .text
start 00008858 end 00008859 length     1 section .text
start 00008859 end 0000885a length     1 section .text
start 0000885a end 0000885b length     1 section .text
start 0000885b end 0000885c length     1 section .text
start 0000885c end 0000885d length     1 section .text
start 0000885d end 0000885e length     1 section .text
start 0000885e end 0000885f length     1 section .text
start 0000885f end 00008860 length     1 section .text
start 00008860 end 00008861 length     1 section .text
start 00008861 end 00008862 length     1 section .text
start 00008862 end 00008863 length     1 section .text
start 00008863 end 00008864 length     1 section .text
start 00008864 end 00008865 length     1 section .text
start 00008865 end 00008866 length     1 section .text
start 00008866 end 00008867 length     1 section .text
start 00008867 end 00008868 length     1 section .text
start 00008868 end 00008869 length     1 section .text
start 00008869 end 0000886a length     1 section .text

Debug\timeout.o:
start 00000035 end 00000041 length    12 section .bsct
start 00001b7c end 00002021 length  1189 section .debug
start 00000324 end 000003bc length   152 section .info.
start 0000fe:5 end 0000ff:0 length     3 section .bit
start 0000886a end 00008874 length    10 section .text
start ******** end ******** length     0 section .text *** removed ***
start 00008874 end 0000887e length    10 section .text
start 0000887e end 00008888 length    10 section .text
start ******** end ******** length     0 section .text *** removed ***
start 00008888 end 00008892 length    10 section .text
start ******** end ******** length     0 section .text *** removed ***
start ******** end ******** length     0 section .text *** removed ***
start ******** end ******** length     0 section .text *** removed ***

Debug\stm8l10x_clk.o:
start 00002021 end 0000263e length  1565 section .debug
start 000003bc end 00000459 length   157 section .info.
start ******** end ******** length     0 section .const *** removed ***
start ******** end ******** length     0 section .text *** removed ***
start ******** end ******** length     0 section .text *** removed ***
start 00008892 end 000088a8 length    22 section .text
start ******** end ******** length     0 section .text *** removed ***
start ******** end ******** length     0 section .text *** removed ***
start ******** end ******** length     0 section .text *** removed ***

Debug\stm8l10x_exti.o:
start 0000263e end 00002f9c length  2398 section .debug
start 00000459 end 000004f7 length   158 section .info.
start ******** end ******** length     0 section .text *** removed ***
start ******** end ******** length     0 section .text *** removed ***
start ******** end ******** length     0 section .text *** removed ***
start ******** end ******** length     0 section .text *** removed ***
start ******** end ******** length     0 section .text *** removed ***
start ******** end ******** length     0 section .text *** removed ***
start ******** end ******** length     0 section .text *** removed ***
start ******** end ******** length     0 section .text *** removed ***
start ******** end ******** length     0 section .text *** removed ***

Debug\stm8l10x_flash.o:
start 00002f9c end 00003ab8 length  2844 section .debug
start 000004f7 end 00000596 length   159 section .info.
start ******** end ******** length     0 section .text *** removed ***
start ******** end ******** length     0 section .text *** removed ***
start ******** end ******** length     0 section .text *** removed ***
start ******** end ******** length     0 section .text *** removed ***
start ******** end ******** length     0 section .text *** removed ***
start ******** end ******** length     0 section .text *** removed ***
start ******** end ******** length     0 section .text *** removed ***
start ******** end ******** length     0 section .text *** removed ***
start ******** end ******** length     0 section .text *** removed ***
start ******** end ******** length     0 section .text *** removed ***
start ******** end ******** length     0 section .text *** removed ***
start ******** end ******** length     0 section .text *** removed ***
start ******** end ******** length     0 section .text *** removed ***
start ******** end ******** length     0 section .text *** removed ***
start ******** end ******** length     0 section .text *** removed ***
start ******** end ******** length     0 section .text *** removed ***
start ******** end ******** length     0 section .text *** removed ***

Debug\stm8l10x_gpio.o:
start 00003ab8 end 000045f9 length  2881 section .debug
start 00000596 end 00000634 length   158 section .info.
start ******** end ******** length     0 section .text *** removed ***
start 000088a8 end 000088f6 length    78 section .text
start ******** end ******** length     0 section .text *** removed ***
start ******** end ******** length     0 section .text *** removed ***
start ******** end ******** length     0 section .text *** removed ***
start ******** end ******** length     0 section .text *** removed ***
start ******** end ******** length     0 section .text *** removed ***
start ******** end ******** length     0 section .text *** removed ***
start ******** end ******** length     0 section .text *** removed ***
start ******** end ******** length     0 section .text *** removed ***
start ******** end ******** length     0 section .text *** removed ***
start ******** end ******** length     0 section .text *** removed ***

Debug\stm8l10x_itc.o:
start 000045f9 end 00004be8 length  1519 section .debug
start 00000634 end 000006d1 length   157 section .info.
start ******** end ******** length     0 section .text *** removed ***
start ******** end ******** length     0 section .text *** removed ***
start ******** end ******** length     0 section .text *** removed ***
start ******** end ******** length     0 section .const *** removed ***
start ******** end ******** length     0 section .text *** removed ***
start ******** end ******** length     0 section .text *** removed ***

Debug\stm8l10x_iwdg.o:
start 00004be8 end 00004f8d length   933 section .debug
start 000006d1 end 0000076f length   158 section .info.
start 000088f6 end 000088fa length     4 section .text
start 000088fa end 000088fe length     4 section .text
start 000088fe end 00008902 length     4 section .text
start 00008902 end 00008907 length     5 section .text
start 00008907 end 0000890c length     5 section .text

Debug\stm8l10x_rst.o:
start 00004f8d end 000051e6 length   601 section .debug
start 0000076f end 0000080c length   157 section .info.
start 0000890c end 00008914 length     8 section .text
start 00008914 end 00008918 length     4 section .text
start ******** end ******** length     0 section .text *** removed ***

Debug\stm8l10x_spi.o:
start 000051e6 end 00005e3f length  3161 section .debug
start 0000080c end 000008a9 length   157 section .info.
start ******** end ******** length     0 section .text *** removed ***
start ******** end ******** length     0 section .text *** removed ***
start ******** end ******** length     0 section .text *** removed ***
start ******** end ******** length     0 section .text *** removed ***
start ******** end ******** length     0 section .text *** removed ***
start ******** end ******** length     0 section .text *** removed ***
start ******** end ******** length     0 section .text *** removed ***
start ******** end ******** length     0 section .text *** removed ***
start ******** end ******** length     0 section .text *** removed ***
start ******** end ******** length     0 section .text *** removed ***
start ******** end ******** length     0 section .text *** removed ***
start ******** end ******** length     0 section .text *** removed ***

Debug\stm8l10x_tim2.o:
start 00005e3f end 00009166 length 13095 section .debug
start 000008a9 end 00000947 length   158 section .info.
start ******** end ******** length     0 section .text *** removed ***
start 00008918 end 00008938 length    32 section .text
start ******** end ******** length     0 section .text *** removed ***
start ******** end ******** length     0 section .text *** removed ***
start ******** end ******** length     0 section .text *** removed ***
start ******** end ******** length     0 section .text *** removed ***
start ******** end ******** length     0 section .text *** removed ***
start 00008938 end 00008945 length    13 section .text
start ******** end ******** length     0 section .text *** removed ***
start 00008945 end 0000895b length    22 section .text
start ******** end ******** length     0 section .text *** removed ***
start ******** end ******** length     0 section .text *** removed ***
start ******** end ******** length     0 section .text *** removed ***
start ******** end ******** length     0 section .text *** removed ***
start ******** end ******** length     0 section .text *** removed ***
start ******** end ******** length     0 section .text *** removed ***
start ******** end ******** length     0 section .text *** removed ***
start ******** end ******** length     0 section .text *** removed ***
start ******** end ******** length     0 section .text *** removed ***
start ******** end ******** length     0 section .text *** removed ***
start ******** end ******** length     0 section .text *** removed ***
start ******** end ******** length     0 section .text *** removed ***
start ******** end ******** length     0 section .text *** removed ***
start ******** end ******** length     0 section .text *** removed ***
start ******** end ******** length     0 section .text *** removed ***
start ******** end ******** length     0 section .text *** removed ***
start ******** end ******** length     0 section .text *** removed ***
start ******** end ******** length     0 section .text *** removed ***
start ******** end ******** length     0 section .text *** removed ***
start ******** end ******** length     0 section .text *** removed ***
start ******** end ******** length     0 section .text *** removed ***
start ******** end ******** length     0 section .text *** removed ***
start ******** end ******** length     0 section .text *** removed ***
start ******** end ******** length     0 section .text *** removed ***
start ******** end ******** length     0 section .text *** removed ***
start ******** end ******** length     0 section .text *** removed ***
start ******** end ******** length     0 section .text *** removed ***
start ******** end ******** length     0 section .text *** removed ***
start ******** end ******** length     0 section .text *** removed ***
start ******** end ******** length     0 section .text *** removed ***
start ******** end ******** length     0 section .text *** removed ***
start ******** end ******** length     0 section .text *** removed ***
start ******** end ******** length     0 section .text *** removed ***
start ******** end ******** length     0 section .text *** removed ***
start ******** end ******** length     0 section .text *** removed ***
start ******** end ******** length     0 section .text *** removed ***
start ******** end ******** length     0 section .text *** removed ***
start ******** end ******** length     0 section .text *** removed ***
start ******** end ******** length     0 section .text *** removed ***
start ******** end ******** length     0 section .text *** removed ***
start 0000895b end 00008985 length    42 section .text
start 00008985 end 0000898a length     5 section .text
start ******** end ******** length     0 section .text *** removed ***
start ******** end ******** length     0 section .text *** removed ***
start ******** end ******** length     0 section .text *** removed ***
start ******** end ******** length     0 section .text *** removed ***

Debug\stm8l10x_tim3.o:
start 00009166 end 0000c3b8 length 12882 section .debug
start 00000947 end 000009e5 length   158 section .info.
start ******** end ******** length     0 section .text *** removed ***
start 0000898a end 000089aa length    32 section .text
start ******** end ******** length     0 section .text *** removed ***
start ******** end ******** length     0 section .text *** removed ***
start ******** end ******** length     0 section .text *** removed ***
start 000089aa end 000089d7 length    45 section .text
start ******** end ******** length     0 section .text *** removed ***
start 000089d7 end 000089e4 length    13 section .text
start ******** end ******** length     0 section .text *** removed ***
start 000089e4 end 000089fa length    22 section .text
start ******** end ******** length     0 section .text *** removed ***
start ******** end ******** length     0 section .text *** removed ***
start ******** end ******** length     0 section .text *** removed ***
start ******** end ******** length     0 section .text *** removed ***
start ******** end ******** length     0 section .text *** removed ***
start 000089fa end 00008a08 length    14 section .text
start ******** end ******** length     0 section .text *** removed ***
start ******** end ******** length     0 section .text *** removed ***
start ******** end ******** length     0 section .text *** removed ***
start ******** end ******** length     0 section .text *** removed ***
start ******** end ******** length     0 section .text *** removed ***
start 00008a08 end 00008a16 length    14 section .text
start ******** end ******** length     0 section .text *** removed ***
start ******** end ******** length     0 section .text *** removed ***
start ******** end ******** length     0 section .text *** removed ***
start ******** end ******** length     0 section .text *** removed ***
start ******** end ******** length     0 section .text *** removed ***
start ******** end ******** length     0 section .text *** removed ***
start ******** end ******** length     0 section .text *** removed ***
start ******** end ******** length     0 section .text *** removed ***
start ******** end ******** length     0 section .text *** removed ***
start ******** end ******** length     0 section .text *** removed ***
start ******** end ******** length     0 section .text *** removed ***
start ******** end ******** length     0 section .text *** removed ***
start ******** end ******** length     0 section .text *** removed ***
start ******** end ******** length     0 section .text *** removed ***
start ******** end ******** length     0 section .text *** removed ***
start ******** end ******** length     0 section .text *** removed ***
start ******** end ******** length     0 section .text *** removed ***
start ******** end ******** length     0 section .text *** removed ***
start ******** end ******** length     0 section .text *** removed ***
start ******** end ******** length     0 section .text *** removed ***
start 00008a16 end 00008a24 length    14 section .text
start 00008a24 end 00008a32 length    14 section .text
start 00008a32 end 00008a4f length    29 section .text
start 00008a4f end 00008a6c length    29 section .text
start ******** end ******** length     0 section .text *** removed ***
start ******** end ******** length     0 section .text *** removed ***
start ******** end ******** length     0 section .text *** removed ***
start ******** end ******** length     0 section .text *** removed ***
start 00008a6c end 00008a96 length    42 section .text
start 00008a96 end 00008a9b length     5 section .text
start 00008a9b end 00008ad3 length    56 section .text
start 00008ad3 end 00008b0b length    56 section .text
start ******** end ******** length     0 section .text *** removed ***

Debug\stm8l10x_tim4.o:
start 0000c3b8 end 0000d5a0 length  4584 section .debug
start 000009e5 end 00000a83 length   158 section .info.
start ******** end ******** length     0 section .text *** removed ***
start 00008b0b end 00008b14 length     9 section .text
start ******** end ******** length     0 section .text *** removed ***
start ******** end ******** length     0 section .text *** removed ***
start ******** end ******** length     0 section .text *** removed ***
start ******** end ******** length     0 section .text *** removed ***
start ******** end ******** length     0 section .text *** removed ***
start ******** end ******** length     0 section .text *** removed ***
start ******** end ******** length     0 section .text *** removed ***
start ******** end ******** length     0 section .text *** removed ***
start ******** end ******** length     0 section .text *** removed ***
start ******** end ******** length     0 section .text *** removed ***
start ******** end ******** length     0 section .text *** removed ***
start ******** end ******** length     0 section .text *** removed ***
start ******** end ******** length     0 section .text *** removed ***
start ******** end ******** length     0 section .text *** removed ***
start ******** end ******** length     0 section .text *** removed ***
start ******** end ******** length     0 section .text *** removed ***
start ******** end ******** length     0 section .text *** removed ***
start ******** end ******** length     0 section .text *** removed ***
start ******** end ******** length     0 section .text *** removed ***
start ******** end ******** length     0 section .text *** removed ***
start ******** end ******** length     0 section .text *** removed ***
start ******** end ******** length     0 section .text *** removed ***

(C:\Program Files (x86)\COSMIC\CXSTM8_32K\lib\libm0.sm8)lcmp.o:
start ******** end ******** length     0 section .text *** removed ***
start 00000a83 end 00000ab1 length    46 section .info.

(C:\Program Files (x86)\COSMIC\CXSTM8_32K\lib\libm0.sm8)llsh.o:
start ******** end ******** length     0 section .text *** removed ***
start 00000ab1 end 00000adf length    46 section .info.

(C:\Program Files (x86)\COSMIC\CXSTM8_32K\lib\libm0.sm8)lreg.o:
start ******** end ******** length     0 section .ubsct *** removed ***
start 00000adf end 00000b0d length    46 section .info.

(C:\Program Files (x86)\COSMIC\CXSTM8_32K\lib\libm0.sm8)ltor.o:
start ******** end ******** length     0 section .text *** removed ***
start 00000b0d end 00000b3b length    46 section .info.

(C:\Program Files (x86)\COSMIC\CXSTM8_32K\lib\libm0.sm8)ludiv.o:
start ******** end ******** length     0 section .text *** removed ***
start 00000b3b end 00000b6a length    47 section .info.

(C:\Program Files (x86)\COSMIC\CXSTM8_32K\lib\libm0.sm8)ldiv.o:
start ******** end ******** length     0 section .text *** removed ***
start 00000b6a end 00000b98 length    46 section .info.

(C:\Program Files (x86)\COSMIC\CXSTM8_32K\lib\libm0.sm8)lgneg.o:
start ******** end ******** length     0 section .text *** removed ***
start 00000b98 end 00000bc7 length    47 section .info.

(C:\Program Files (x86)\COSMIC\CXSTM8_32K\lib\libm0.sm8)lneg.o:
start ******** end ******** length     0 section .text *** removed ***
start 00000bc7 end 00000bf5 length    46 section .info.

(C:\Program Files (x86)\COSMIC\CXSTM8_32K\lib\libm0.sm8)rtol.o:
start ******** end ******** length     0 section .text *** removed ***
start 00000bf5 end 00000c23 length    46 section .info.

(C:\Program Files (x86)\COSMIC\CXSTM8_32K\lib\libm0.sm8)utolx.o:
start ******** end ******** length     0 section .text *** removed ***
start 00000c23 end 00000c52 length    47 section .info.

(C:\Program Files (x86)\COSMIC\CXSTM8_32K\lib\libm0.sm8)xreg.o:
start 000000f7 end 000000fa length     3 section .ubsct
start 00000c52 end 00000c80 length    46 section .info.

(C:\Program Files (x86)\COSMIC\CXSTM8_32K\lib\libm0.sm8)yreg.o:
start 000000fa end 000000fd length     3 section .ubsct
start 00000c80 end 00000cae length    46 section .info.

Debug\stm8_interrupt_vector.o:
start 0000d5a0 end 0000d6c6 length   294 section .debug
start 00000cae end 00000d54 length   166 section .info.
start 00008000 end 00008080 length   128 section .const


                             -----------
                             Stack usage
                             -----------

Debug\config.o:
_Config                                16   (2)

Debug\errors.o:
_Errors_Init                            3   (3)
_Errors_IsError                         3   (3)

Debug\main.o:
_TASK_250ms                             2   (2)
_TASK_500ms                             2   (2)
_main                              >   18   (2)

Debug\stm8l10x_clk.o:
_CLK_PeripheralClockConfig              4   (4)

Debug\stm8l10x_gpio.o:
_GPIO_Init                              6   (6)

Debug\stm8l10x_it.o:
f_AWU_IRQHandler                   >    6   (6)
f_COMP_IRQHandler                  >    6   (6)
f_EXTI0_IRQHandler                 >    6   (6)
f_EXTI1_IRQHandler                 >    6   (6)
f_EXTI2_IRQHandler                 >    6   (6)
f_EXTI3_IRQHandler                 >    6   (6)
f_EXTI4_IRQHandler                 >    6   (6)
f_EXTI5_IRQHandler                 >    6   (6)
f_EXTI6_IRQHandler                 >    6   (6)
f_EXTI7_IRQHandler                 >    6   (6)
f_EXTIB_IRQHandler                 >    6   (6)
f_EXTID_IRQHandler                 >    6   (6)
f_FLASH_IRQHandler                 >    6   (6)
f_I2C_IRQHandler                   >    6   (6)
f_NonHandledInterrupt              >    6   (6)
f_SPI_IRQHandler                   >    6   (6)
f_TIM2_CAP_IRQHandler              >    6   (6)
f_TIM2_UPD_OVF_TRG_BRK_IRQHandler  >   18   (12)
f_TIM3_CAP_IRQHandler              >   19   (13)
f_TIM3_UPD_OVF_TRG_BRK_IRQHandler  >    6   (6)
f_TIM4_UPD_OVF_IRQHandler          >    6   (6)
f_TRAP_IRQHandler                  >    6   (6)
f_USART_RX_IRQHandler              >    6   (6)
f_USART_TX_IRQHandler              >    6   (6)

Debug\stm8l10x_iwdg.o:
_IWDG_Enable                            2   (2)
_IWDG_ReloadCounter                     2   (2)
_IWDG_SetPrescaler                      2   (2)
_IWDG_SetReload                         2   (2)
_IWDG_WriteAccessCmd                    2   (2)

Debug\stm8l10x_rst.o:
_RST_ClearFlag                          2   (2)
_RST_GetFlagStatus                      2   (2)

Debug\stm8l10x_tim2.o:
_TIM2_ClearITPendingBit                 2   (2)
_TIM2_Cmd                               2   (2)
_TIM2_GetITStatus                       6   (6)
_TIM2_ITConfig                          4   (4)
_TIM2_TimeBaseInit                      6   (6)

Debug\stm8l10x_tim3.o:
L3_TI1_Config                           7   (7)
L5_TI2_Config                           7   (7)
_TIM3_ClearITPendingBit                 2   (2)
_TIM3_Cmd                               2   (2)
_TIM3_GetCapture1                       6   (6)
_TIM3_GetCapture2                       6   (6)
_TIM3_GetITStatus                       6   (6)
_TIM3_ICInit                           14   (7)
_TIM3_ITConfig                          4   (4)
_TIM3_SelectInputTrigger                4   (4)
_TIM3_SelectSlaveMode                   4   (4)
_TIM3_SetIC1Prescaler                   4   (4)
_TIM3_SetIC2Prescaler                   4   (4)
_TIM3_TimeBaseInit                      6   (6)

Debug\stm8l10x_tim4.o:
_TIM4_TimeBaseInit                      2   (2)

Debug\timeout.o:
_Timeout_IsTimeout1                     2   (2)
_Timeout_IsTimeout2                     2   (2)
_Timeout_SetTimeout1                    2   (2)
_Timeout_SetTimeout2                    2   (2)

Stack size: 37


                              ---------
                              Call tree
                              ---------
   1 > __stext: (0)

   2 > _main: (2)
   3      + _Config: (2)
   4      |    + _CLK_PeripheralClockConfig: (4)
   5      |    + _GPIO_Init: (6)
   6      |    + _TIM2_Cmd: (2)
   7      |    + _TIM2_ITConfig: (4)
   8      |    + _TIM2_TimeBaseInit: (6)
   9      |    + _TIM3_Cmd: (2)
  10      |    + _TIM3_ICInit: (7)
  11      |    |    + L3_TI1_Config: (7)
  12      |    |    + L5_TI2_Config: (7)
  13      |    |    + _TIM3_SetIC1Prescaler: (4)
  14      |    |    + _TIM3_SetIC2Prescaler: (4)
          |    | 
  15      |    + _TIM3_ITConfig: (4)
  16      |    + _TIM3_SelectInputTrigger: (4)
  17      |    + _TIM3_SelectSlaveMode: (4)
  18      |    + _TIM3_TimeBaseInit: (6)
  19      |    + _TIM4_TimeBaseInit: (2)
          | 
  20      + _Errors_Init: (3)
  21      + _Errors_IsError: (3)
  22      + _IWDG_Enable: (2)
  23      + _IWDG_ReloadCounter: (2)
  24      + _IWDG_SetPrescaler: (2)
  25      + _IWDG_SetReload: (2)
  26      + _IWDG_WriteAccessCmd: (2)
  27      + _RST_ClearFlag: (2)
  28      + _RST_GetFlagStatus: (2)
  29      + _TASK_250ms: (2)
  30      + _TASK_500ms: (2)
  31      + _Timeout_IsTimeout1: (2)
  32      + _Timeout_IsTimeout2: (2)
  33      + _Timeout_SetTimeout1: (2)
  34      + _Timeout_SetTimeout2: (2)
       
  35 > f_AWU_IRQHandler: (6)

  36 > f_COMP_IRQHandler: (6)

  37 > f_EXTI0_IRQHandler: (6)

  38 > f_EXTI1_IRQHandler: (6)

  39 > f_EXTI2_IRQHandler: (6)

  40 > f_EXTI3_IRQHandler: (6)

  41 > f_EXTI4_IRQHandler: (6)

  42 > f_EXTI5_IRQHandler: (6)

  43 > f_EXTI6_IRQHandler: (6)

  44 > f_EXTI7_IRQHandler: (6)

  45 > f_EXTIB_IRQHandler: (6)

  46 > f_EXTID_IRQHandler: (6)

  47 > f_FLASH_IRQHandler: (6)

  48 > f_I2C_IRQHandler: (6)

  49 > f_NonHandledInterrupt: (6)

  50 > f_SPI_IRQHandler: (6)

  51 > f_TIM2_CAP_IRQHandler: (6)

  52 > f_TIM2_UPD_OVF_TRG_BRK_IRQHandler: (12)
  53      + _TIM2_ClearITPendingBit: (2)
  54      + _TIM2_GetITStatus: (6)
       
  55 > f_TIM3_CAP_IRQHandler: (13)
  56      + _TIM3_ClearITPendingBit: (2)
  57      + _TIM3_GetCapture1: (6)
  58      + _TIM3_GetCapture2: (6)
  59      + _TIM3_GetITStatus: (6)
       
  60 > f_TIM3_UPD_OVF_TRG_BRK_IRQHandler: (6)

  61 > f_TIM4_UPD_OVF_IRQHandler: (6)

  62 > f_TRAP_IRQHandler: (6)

  63 > f_USART_RX_IRQHandler: (6)

  64 > f_USART_TX_IRQHandler: (6)

  65   L3_TI1_Config --> 11

  66   L5_TI2_Config --> 12

  67   _CLK_PeripheralClockConfig --> 4

  68   _Config --> 3

  69   _Errors_Init --> 20

  70   _Errors_IsError --> 21

  71   _GPIO_Init --> 5

  72   _IWDG_Enable --> 22

  73   _IWDG_ReloadCounter --> 23

  74   _IWDG_SetPrescaler --> 24

  75   _IWDG_SetReload --> 25

  76   _IWDG_WriteAccessCmd --> 26

  77   _RST_ClearFlag --> 27

  78   _RST_GetFlagStatus --> 28

  79   _TASK_250ms --> 29

  80   _TASK_500ms --> 30

  81   _TIM2_ClearITPendingBit --> 53

  82   _TIM2_Cmd --> 6

  83   _TIM2_GetITStatus --> 54

  84   _TIM2_ITConfig --> 7

  85   _TIM2_TimeBaseInit --> 8

  86   _TIM3_ClearITPendingBit --> 56

  87   _TIM3_Cmd --> 9

  88   _TIM3_GetCapture1 --> 57

  89   _TIM3_GetCapture2 --> 58

  90   _TIM3_GetITStatus --> 59

  91   _TIM3_ICInit --> 10

  92   _TIM3_ITConfig --> 15

  93   _TIM3_SelectInputTrigger --> 16

  94   _TIM3_SelectSlaveMode --> 17

  95   _TIM3_SetIC1Prescaler --> 13

  96   _TIM3_SetIC2Prescaler --> 14

  97   _TIM3_TimeBaseInit --> 18

  98   _TIM4_TimeBaseInit --> 19

  99   _Timeout_IsTimeout1 --> 31

 100   _Timeout_IsTimeout2 --> 32

 101   _Timeout_SetTimeout1 --> 33

 102   _Timeout_SetTimeout2 --> 34



                               -------
                               Symbols
                               -------

_BTN1_DEB_STATE                     00000011   defined in Debug\stm8l10x_it.o section .bsct, initialized
                                               used in Debug\main.o
_BTN1_DELAY_FLAG                    0000fd:7   defined in Debug\stm8l10x_it.o section .bit, initialized
_BTN1_Released                      ********   *** removed from Debug\main.o ***
_BTN1_press_timer                   00000013   defined in Debug\stm8l10x_it.o section .bsct, initialized
                                               used in Debug\main.o
_CLK_CCOCmd                         ********   *** removed from Debug\stm8l10x_clk.o ***
_CLK_CCOConfig                      ********   *** removed from Debug\stm8l10x_clk.o ***
_CLK_DeInit                         ********   *** removed from Debug\stm8l10x_clk.o ***
_CLK_GetClockFreq                   ********   *** removed from Debug\stm8l10x_clk.o ***
_CLK_MasterPrescalerConfig          ********   *** removed from Debug\stm8l10x_clk.o ***
_CLK_PeripheralClockConfig          00008892   defined in Debug\stm8l10x_clk.o section .text
                                               used in Debug\config.o
_Config                             00008120   defined in Debug\config.o section .text
                                               used in Debug\main.o
_EXTI_ClearITPendingBit             ********   *** removed from Debug\stm8l10x_exti.o ***
_EXTI_DeInit                        ********   *** removed from Debug\stm8l10x_exti.o ***
_EXTI_GetHalfPortSelection          ********   *** removed from Debug\stm8l10x_exti.o ***
_EXTI_GetITStatus                   ********   *** removed from Debug\stm8l10x_exti.o ***
_EXTI_GetPinSensitivity             ********   *** removed from Debug\stm8l10x_exti.o ***
_EXTI_GetPortSensitivity            ********   *** removed from Debug\stm8l10x_exti.o ***
_EXTI_SetHalfPortSelection          ********   *** removed from Debug\stm8l10x_exti.o ***
_EXTI_SetPinSensitivity             ********   *** removed from Debug\stm8l10x_exti.o ***
_EXTI_SetPortSensitivity            ********   *** removed from Debug\stm8l10x_exti.o ***
_Errors_CheckError                  ********   *** removed from Debug\errors.o ***
_Errors_Init                        000081f2   defined in Debug\errors.o section .text
                                               used in Debug\main.o
_Errors_IsError                     00008208   defined in Debug\errors.o section .text
                                               used in Debug\main.o
_Errors_NumErrors                   ********   *** removed from Debug\errors.o ***
_Errors_ResetError                  ********   *** removed from Debug\errors.o ***
_Errors_SetError                    ********   *** removed from Debug\errors.o ***
_FLAG_1000ms                        0000fd:6   defined in Debug\stm8l10x_it.o section .bit, initialized
                                               used in Debug\main.o
_FLAG_250ms                         0000fd:4   defined in Debug\stm8l10x_it.o section .bit, initialized
                                               used in Debug\main.o
_FLAG_500ms                         0000fd:5   defined in Debug\stm8l10x_it.o section .bit, initialized
                                               used in Debug\main.o
_FLAG_UART_cmd_rcv                  0000fe:4   defined in Debug\stm8l10x_it.o section .bit, initialized
_FLASH_DeInit                       ********   *** removed from Debug\stm8l10x_flash.o ***
_FLASH_EraseBlock                   ********   *** removed from Debug\stm8l10x_flash.o ***
_FLASH_EraseByte                    ********   *** removed from Debug\stm8l10x_flash.o ***
_FLASH_GetBootSize                  ********   *** removed from Debug\stm8l10x_flash.o ***
_FLASH_GetDataSize                  ********   *** removed from Debug\stm8l10x_flash.o ***
_FLASH_GetFlagStatus                ********   *** removed from Debug\stm8l10x_flash.o ***
_FLASH_GetProgrammingTime           ********   *** removed from Debug\stm8l10x_flash.o ***
_FLASH_GetReadOutProtectionStatus   ********   *** removed from Debug\stm8l10x_flash.o ***
_FLASH_ITConfig                     ********   *** removed from Debug\stm8l10x_flash.o ***
_FLASH_Lock                         ********   *** removed from Debug\stm8l10x_flash.o ***
_FLASH_ProgramBlock                 ********   *** removed from Debug\stm8l10x_flash.o ***
_FLASH_ProgramByte                  ********   *** removed from Debug\stm8l10x_flash.o ***
_FLASH_ProgramWord                  ********   *** removed from Debug\stm8l10x_flash.o ***
_FLASH_ReadByte                     ********   *** removed from Debug\stm8l10x_flash.o ***
_FLASH_SetProgrammingTime           ********   *** removed from Debug\stm8l10x_flash.o ***
_FLASH_Unlock                       ********   *** removed from Debug\stm8l10x_flash.o ***
_FLASH_WaitForLastOperation         ********   *** removed from Debug\stm8l10x_flash.o ***
_GPIO_DeInit                        ********   *** removed from Debug\stm8l10x_gpio.o ***
_GPIO_ExternalPullUpConfig          ********   *** removed from Debug\stm8l10x_gpio.o ***
_GPIO_Init                          000088a8   defined in Debug\stm8l10x_gpio.o section .text
                                               used in Debug\config.o
_GPIO_ReadInputData                 ********   *** removed from Debug\stm8l10x_gpio.o ***
_GPIO_ReadInputDataBit              ********   *** removed from Debug\stm8l10x_gpio.o ***
_GPIO_ReadOutputData                ********   *** removed from Debug\stm8l10x_gpio.o ***
_GPIO_ReadOutputDataBit             ********   *** removed from Debug\stm8l10x_gpio.o ***
_GPIO_ResetBits                     ********   *** removed from Debug\stm8l10x_gpio.o ***
_GPIO_SetBits                       ********   *** removed from Debug\stm8l10x_gpio.o ***
_GPIO_ToggleBits                    ********   *** removed from Debug\stm8l10x_gpio.o ***
_GPIO_Write                         ********   *** removed from Debug\stm8l10x_gpio.o ***
_GPIO_WriteBit                      ********   *** removed from Debug\stm8l10x_gpio.o ***
_HSIDivFactor                       ********   *** removed from Debug\stm8l10x_clk.o ***
_ITC_DeInit                         ********   *** removed from Debug\stm8l10x_itc.o ***
_ITC_GetCPUCC                       ********   *** removed from Debug\stm8l10x_itc.o ***
_ITC_GetSoftIntStatus               ********   *** removed from Debug\stm8l10x_itc.o ***
_ITC_GetSoftwarePriority            ********   *** removed from Debug\stm8l10x_itc.o ***
_ITC_SetSoftwarePriority            ********   *** removed from Debug\stm8l10x_itc.o ***
_IWDG_Enable                        00008907   defined in Debug\stm8l10x_iwdg.o section .text
                                               used in Debug\main.o
_IWDG_ReloadCounter                 00008902   defined in Debug\stm8l10x_iwdg.o section .text
                                               used in Debug\main.o
_IWDG_SetPrescaler                  000088fa   defined in Debug\stm8l10x_iwdg.o section .text
                                               used in Debug\main.o
_IWDG_SetReload                     000088fe   defined in Debug\stm8l10x_iwdg.o section .text
                                               used in Debug\main.o
_IWDG_WriteAccessCmd                000088f6   defined in Debug\stm8l10x_iwdg.o section .text
                                               used in Debug\main.o
_IsLearnedID                        ********   *** removed from Debug\main.o ***
_LearnNewID                         ********   *** removed from Debug\main.o ***
_RF_waitstart_substate              00000033   defined in Debug\stm8l10x_it.o section .bsct, initialized
_RFbytesReady                       0000002e   defined in Debug\stm8l10x_it.o section .bsct, initialized
                                               used in Debug\main.o
_RST_ClearFlag                      00008914   defined in Debug\stm8l10x_rst.o section .text
                                               used in Debug\main.o
_RST_GPOutputEnable                 ********   *** removed from Debug\stm8l10x_rst.o ***
_RST_GetFlagStatus                  0000890c   defined in Debug\stm8l10x_rst.o section .text
                                               used in Debug\main.o
_RcvRFmsg                           000000f2   defined in Debug\stm8l10x_it.o section .ubsct
                                               used in Debug\main.o
_SPI_BiDirectionalLineConfig        ********   *** removed from Debug\stm8l10x_spi.o ***
_SPI_ClearFlag                      ********   *** removed from Debug\stm8l10x_spi.o ***
_SPI_ClearITPendingBit              ********   *** removed from Debug\stm8l10x_spi.o ***
_SPI_Cmd                            ********   *** removed from Debug\stm8l10x_spi.o ***
_SPI_DeInit                         ********   *** removed from Debug\stm8l10x_spi.o ***
_SPI_GetFlagStatus                  ********   *** removed from Debug\stm8l10x_spi.o ***
_SPI_GetITStatus                    ********   *** removed from Debug\stm8l10x_spi.o ***
_SPI_ITConfig                       ********   *** removed from Debug\stm8l10x_spi.o ***
_SPI_Init                           ********   *** removed from Debug\stm8l10x_spi.o ***
_SPI_NSSInternalSoftwareCmd         ********   *** removed from Debug\stm8l10x_spi.o ***
_SPI_ReceiveData                    ********   *** removed from Debug\stm8l10x_spi.o ***
_SPI_SendData                       ********   *** removed from Debug\stm8l10x_spi.o ***
_TASK_1000ms                        ********   *** removed from Debug\main.o ***
_TASK_250ms                         000083c9   defined in Debug\main.o section .text
_TASK_500ms                         000083c6   defined in Debug\main.o section .text
_TIM2_ARRPreloadConfig              ********   *** removed from Debug\stm8l10x_tim2.o ***
_TIM2_BKRConfig                     ********   *** removed from Debug\stm8l10x_tim2.o ***
_TIM2_CCxCmd                        ********   *** removed from Debug\stm8l10x_tim2.o ***
_TIM2_ClearFlag                     ********   *** removed from Debug\stm8l10x_tim2.o ***
_TIM2_ClearITPendingBit             00008985   defined in Debug\stm8l10x_tim2.o section .text
                                               used in Debug\stm8l10x_it.o
_TIM2_Cmd                           00008938   defined in Debug\stm8l10x_tim2.o section .text
                                               used in Debug\config.o
_TIM2_ComputeLsiClockFreq           ********   *** removed from Debug\stm8l10x_tim2.o ***
_TIM2_CounterModeConfig             ********   *** removed from Debug\stm8l10x_tim2.o ***
_TIM2_CtrlPWMOutputs                ********   *** removed from Debug\stm8l10x_tim2.o ***
_TIM2_DeInit                        ********   *** removed from Debug\stm8l10x_tim2.o ***
_TIM2_ETRClockMode1Config           ********   *** removed from Debug\stm8l10x_tim2.o ***
_TIM2_ETRClockMode2Config           ********   *** removed from Debug\stm8l10x_tim2.o ***
_TIM2_ETRConfig                     ********   *** removed from Debug\stm8l10x_tim2.o ***
_TIM2_EncoderInterfaceConfig        ********   *** removed from Debug\stm8l10x_tim2.o ***
_TIM2_ForcedOC1Config               ********   *** removed from Debug\stm8l10x_tim2.o ***
_TIM2_ForcedOC2Config               ********   *** removed from Debug\stm8l10x_tim2.o ***
_TIM2_GenerateEvent                 ********   *** removed from Debug\stm8l10x_tim2.o ***
_TIM2_GetCapture1                   ********   *** removed from Debug\stm8l10x_tim2.o ***
_TIM2_GetCapture2                   ********   *** removed from Debug\stm8l10x_tim2.o ***
_TIM2_GetCounter                    ********   *** removed from Debug\stm8l10x_tim2.o ***
_TIM2_GetFlagStatus                 ********   *** removed from Debug\stm8l10x_tim2.o ***
_TIM2_GetITStatus                   0000895b   defined in Debug\stm8l10x_tim2.o section .text
                                               used in Debug\stm8l10x_it.o
_TIM2_GetPrescaler                  ********   *** removed from Debug\stm8l10x_tim2.o ***
_TIM2_GetStatus                     ********   *** removed from Debug\stm8l10x_tim2.o ***
_TIM2_ICInit                        ********   *** removed from Debug\stm8l10x_tim2.o ***
_TIM2_ITConfig                      00008945   defined in Debug\stm8l10x_tim2.o section .text
                                               used in Debug\config.o
_TIM2_InternalClockConfig           ********   *** removed from Debug\stm8l10x_tim2.o ***
_TIM2_OC1FastCmd                    ********   *** removed from Debug\stm8l10x_tim2.o ***
_TIM2_OC1Init                       ********   *** removed from Debug\stm8l10x_tim2.o ***
_TIM2_OC1PolarityConfig             ********   *** removed from Debug\stm8l10x_tim2.o ***
_TIM2_OC1PreloadConfig              ********   *** removed from Debug\stm8l10x_tim2.o ***
_TIM2_OC2FastCmd                    ********   *** removed from Debug\stm8l10x_tim2.o ***
_TIM2_OC2Init                       ********   *** removed from Debug\stm8l10x_tim2.o ***
_TIM2_OC2PolarityConfig             ********   *** removed from Debug\stm8l10x_tim2.o ***
_TIM2_OC2PreloadConfig              ********   *** removed from Debug\stm8l10x_tim2.o ***
_TIM2_PWMIConfig                    ********   *** removed from Debug\stm8l10x_tim2.o ***
_TIM2_PrescalerConfig               ********   *** removed from Debug\stm8l10x_tim2.o ***
_TIM2_SelectHallSensor              ********   *** removed from Debug\stm8l10x_tim2.o ***
_TIM2_SelectInputTrigger            ********   *** removed from Debug\stm8l10x_tim2.o ***
_TIM2_SelectMasterSlaveMode         ********   *** removed from Debug\stm8l10x_tim2.o ***
_TIM2_SelectOCxM                    ********   *** removed from Debug\stm8l10x_tim2.o ***
_TIM2_SelectOnePulseMode            ********   *** removed from Debug\stm8l10x_tim2.o ***
_TIM2_SelectOutputTrigger           ********   *** removed from Debug\stm8l10x_tim2.o ***
_TIM2_SelectSlaveMode               ********   *** removed from Debug\stm8l10x_tim2.o ***
_TIM2_SetAutoreload                 ********   *** removed from Debug\stm8l10x_tim2.o ***
_TIM2_SetCompare1                   ********   *** removed from Debug\stm8l10x_tim2.o ***
_TIM2_SetCompare2                   ********   *** removed from Debug\stm8l10x_tim2.o ***
_TIM2_SetCounter                    ********   *** removed from Debug\stm8l10x_tim2.o ***
_TIM2_SetIC1Prescaler               ********   *** removed from Debug\stm8l10x_tim2.o ***
_TIM2_SetIC2Prescaler               ********   *** removed from Debug\stm8l10x_tim2.o ***
_TIM2_TIxExternalClockConfig        ********   *** removed from Debug\stm8l10x_tim2.o ***
_TIM2_TimeBaseInit                  00008918   defined in Debug\stm8l10x_tim2.o section .text
                                               used in Debug\config.o
_TIM2_UpdateDisableConfig           ********   *** removed from Debug\stm8l10x_tim2.o ***
_TIM2_UpdateRequestConfig           ********   *** removed from Debug\stm8l10x_tim2.o ***
_TIM3_ARRPreloadConfig              ********   *** removed from Debug\stm8l10x_tim3.o ***
_TIM3_BKRConfig                     ********   *** removed from Debug\stm8l10x_tim3.o ***
_TIM3_CCxCmd                        ********   *** removed from Debug\stm8l10x_tim3.o ***
_TIM3_ClearFlag                     ********   *** removed from Debug\stm8l10x_tim3.o ***
_TIM3_ClearITPendingBit             00008a96   defined in Debug\stm8l10x_tim3.o section .text
                                               used in Debug\stm8l10x_it.o
_TIM3_Cmd                           000089d7   defined in Debug\stm8l10x_tim3.o section .text
                                               used in Debug\config.o
_TIM3_CounterModeConfig             ********   *** removed from Debug\stm8l10x_tim3.o ***
_TIM3_CtrlPWMOutputs                ********   *** removed from Debug\stm8l10x_tim3.o ***
_TIM3_DeInit                        ********   *** removed from Debug\stm8l10x_tim3.o ***
_TIM3_ETRClockMode1Config           ********   *** removed from Debug\stm8l10x_tim3.o ***
_TIM3_ETRClockMode2Config           ********   *** removed from Debug\stm8l10x_tim3.o ***
_TIM3_ETRConfig                     ********   *** removed from Debug\stm8l10x_tim3.o ***
_TIM3_EncoderInterfaceConfig        ********   *** removed from Debug\stm8l10x_tim3.o ***
_TIM3_ForcedOC1Config               ********   *** removed from Debug\stm8l10x_tim3.o ***
_TIM3_ForcedOC2Config               ********   *** removed from Debug\stm8l10x_tim3.o ***
_TIM3_GenerateEvent                 ********   *** removed from Debug\stm8l10x_tim3.o ***
_TIM3_GetCapture1                   00008a32   defined in Debug\stm8l10x_tim3.o section .text
                                               used in Debug\stm8l10x_it.o
_TIM3_GetCapture2                   00008a4f   defined in Debug\stm8l10x_tim3.o section .text
                                               used in Debug\stm8l10x_it.o
_TIM3_GetCounter                    ********   *** removed from Debug\stm8l10x_tim3.o ***
_TIM3_GetFlagStatus                 ********   *** removed from Debug\stm8l10x_tim3.o ***
_TIM3_GetITStatus                   00008a6c   defined in Debug\stm8l10x_tim3.o section .text
                                               used in Debug\stm8l10x_it.o
_TIM3_GetPrescaler                  ********   *** removed from Debug\stm8l10x_tim3.o ***
_TIM3_GetStatus                     ********   *** removed from Debug\stm8l10x_tim3.o ***
_TIM3_ICInit                        000089aa   defined in Debug\stm8l10x_tim3.o section .text
                                               used in Debug\config.o
_TIM3_ITConfig                      000089e4   defined in Debug\stm8l10x_tim3.o section .text
                                               used in Debug\config.o
_TIM3_InternalClockConfig           ********   *** removed from Debug\stm8l10x_tim3.o ***
_TIM3_OC1FastCmd                    ********   *** removed from Debug\stm8l10x_tim3.o ***
_TIM3_OC1Init                       ********   *** removed from Debug\stm8l10x_tim3.o ***
_TIM3_OC1PolarityConfig             ********   *** removed from Debug\stm8l10x_tim3.o ***
_TIM3_OC1PreloadConfig              ********   *** removed from Debug\stm8l10x_tim3.o ***
_TIM3_OC2FastCmd                    ********   *** removed from Debug\stm8l10x_tim3.o ***
_TIM3_OC2Init                       ********   *** removed from Debug\stm8l10x_tim3.o ***
_TIM3_OC2PolarityConfig             ********   *** removed from Debug\stm8l10x_tim3.o ***
_TIM3_OC2PreloadConfig              ********   *** removed from Debug\stm8l10x_tim3.o ***
_TIM3_PWMIConfig                    ********   *** removed from Debug\stm8l10x_tim3.o ***
_TIM3_PrescalerConfig               ********   *** removed from Debug\stm8l10x_tim3.o ***
_TIM3_SelectHallSensor              ********   *** removed from Debug\stm8l10x_tim3.o ***
_TIM3_SelectInputTrigger            000089fa   defined in Debug\stm8l10x_tim3.o section .text
                                               used in Debug\config.o
_TIM3_SelectMasterSlaveMode         ********   *** removed from Debug\stm8l10x_tim3.o ***
_TIM3_SelectOCxM                    ********   *** removed from Debug\stm8l10x_tim3.o ***
_TIM3_SelectOnePulseMode            ********   *** removed from Debug\stm8l10x_tim3.o ***
_TIM3_SelectOutputTrigger           ********   *** removed from Debug\stm8l10x_tim3.o ***
_TIM3_SelectSlaveMode               00008a08   defined in Debug\stm8l10x_tim3.o section .text
                                               used in Debug\config.o
_TIM3_SetAutoreload                 ********   *** removed from Debug\stm8l10x_tim3.o ***
_TIM3_SetCompare1                   ********   *** removed from Debug\stm8l10x_tim3.o ***
_TIM3_SetCompare2                   ********   *** removed from Debug\stm8l10x_tim3.o ***
_TIM3_SetCounter                    ********   *** removed from Debug\stm8l10x_tim3.o ***
_TIM3_SetIC1Prescaler               00008a16   defined in Debug\stm8l10x_tim3.o section .text
_TIM3_SetIC2Prescaler               00008a24   defined in Debug\stm8l10x_tim3.o section .text
_TIM3_TIxExternalClockConfig        ********   *** removed from Debug\stm8l10x_tim3.o ***
_TIM3_TimeBaseInit                  0000898a   defined in Debug\stm8l10x_tim3.o section .text
                                               used in Debug\config.o
_TIM3_UpdateDisableConfig           ********   *** removed from Debug\stm8l10x_tim3.o ***
_TIM3_UpdateRequestConfig           ********   *** removed from Debug\stm8l10x_tim3.o ***
_TIM4_ARRPreloadConfig              ********   *** removed from Debug\stm8l10x_tim4.o ***
_TIM4_ClearFlag                     ********   *** removed from Debug\stm8l10x_tim4.o ***
_TIM4_ClearITPendingBit             ********   *** removed from Debug\stm8l10x_tim4.o ***
_TIM4_Cmd                           ********   *** removed from Debug\stm8l10x_tim4.o ***
_TIM4_DeInit                        ********   *** removed from Debug\stm8l10x_tim4.o ***
_TIM4_GenerateEvent                 ********   *** removed from Debug\stm8l10x_tim4.o ***
_TIM4_GetCounter                    ********   *** removed from Debug\stm8l10x_tim4.o ***
_TIM4_GetFlagStatus                 ********   *** removed from Debug\stm8l10x_tim4.o ***
_TIM4_GetITStatus                   ********   *** removed from Debug\stm8l10x_tim4.o ***
_TIM4_GetPrescaler                  ********   *** removed from Debug\stm8l10x_tim4.o ***
_TIM4_GetStatus                     ********   *** removed from Debug\stm8l10x_tim4.o ***
_TIM4_ITConfig                      ********   *** removed from Debug\stm8l10x_tim4.o ***
_TIM4_InternalClockConfig           ********   *** removed from Debug\stm8l10x_tim4.o ***
_TIM4_PrescalerConfig               ********   *** removed from Debug\stm8l10x_tim4.o ***
_TIM4_SelectInputTrigger            ********   *** removed from Debug\stm8l10x_tim4.o ***
_TIM4_SelectMasterSlaveMode         ********   *** removed from Debug\stm8l10x_tim4.o ***
_TIM4_SelectOnePulseMode            ********   *** removed from Debug\stm8l10x_tim4.o ***
_TIM4_SelectOutputTrigger           ********   *** removed from Debug\stm8l10x_tim4.o ***
_TIM4_SelectSlaveMode               ********   *** removed from Debug\stm8l10x_tim4.o ***
_TIM4_SetAutoreload                 ********   *** removed from Debug\stm8l10x_tim4.o ***
_TIM4_SetCounter                    ********   *** removed from Debug\stm8l10x_tim4.o ***
_TIM4_TimeBaseInit                  00008b0b   defined in Debug\stm8l10x_tim4.o section .text
                                               used in Debug\config.o
_TIM4_UpdateDisableConfig           ********   *** removed from Debug\stm8l10x_tim4.o ***
_TIM4_UpdateRequestConfig           ********   *** removed from Debug\stm8l10x_tim4.o ***
_Timeout_GetTimeout1                ********   *** removed from Debug\timeout.o ***
_Timeout_GetTimeout2                ********   *** removed from Debug\timeout.o ***
_Timeout_GetTimeout3                ********   *** removed from Debug\timeout.o ***
_Timeout_IsTimeout1                 00008874   defined in Debug\timeout.o section .text
                                               used in Debug\main.o
_Timeout_IsTimeout2                 00008888   defined in Debug\timeout.o section .text
                                               used in Debug\main.o
_Timeout_IsTimeout3                 ********   *** removed from Debug\timeout.o ***
_Timeout_SetTimeout1                0000886a   defined in Debug\timeout.o section .text
                                               used in Debug\main.o
_Timeout_SetTimeout2                0000887e   defined in Debug\timeout.o section .text
                                               used in Debug\main.o
_Timeout_SetTimeout3                ********   *** removed from Debug\timeout.o ***
_Timeout_istout1                    0000fe:5   defined in Debug\timeout.o section .bit, initialized
                                               used in Debug\stm8l10x_it.o
_Timeout_istout2                    0000fe:6   defined in Debug\timeout.o section .bit, initialized
                                               used in Debug\stm8l10x_it.o
_Timeout_istout3                    0000fe:7   defined in Debug\timeout.o section .bit, initialized
                                               used in Debug\stm8l10x_it.o
_Timeout_tout1                      0000003b   defined in Debug\timeout.o section .bsct, initialized
                                               used in Debug\stm8l10x_it.o
_Timeout_tout2                      0000003d   defined in Debug\timeout.o section .bsct, initialized
                                               used in Debug\stm8l10x_it.o
_Timeout_tout3                      0000003f   defined in Debug\timeout.o section .bsct, initialized
                                               used in Debug\stm8l10x_it.o
_Timeout_toutcnt1                   00000035   defined in Debug\timeout.o section .bsct, initialized
                                               used in Debug\stm8l10x_it.o
_Timeout_toutcnt2                   00000037   defined in Debug\timeout.o section .bsct, initialized
                                               used in Debug\stm8l10x_it.o
_Timeout_toutcnt3                   00000039   defined in Debug\timeout.o section .bsct, initialized
                                               used in Debug\stm8l10x_it.o
__endmem                            000003fe   defined in command file
                                               *** not used ***
__endzp                             000000fd   defined in command file section .ubsct
                                               used in C:\Program Files (x86)\COSMIC\CXSTM8_32K\lib\crtsi0.sm8
__idesc__                           00008080   defined in linker section .init
                                               used in C:\Program Files (x86)\COSMIC\CXSTM8_32K\lib\crtsi0.sm8
__memory                            00000100   defined in command file section .bss
                                               used in C:\Program Files (x86)\COSMIC\CXSTM8_32K\lib\crtsi0.sm8
__stack                             000005ff   defined in command file
                                               used in C:\Program Files (x86)\COSMIC\CXSTM8_32K\lib\crtsi0.sm8
__startmem                          00000100   defined in command file section .bss
                                               *** not used ***
__stext                             000080d0   defined in C:\Program Files (x86)\COSMIC\CXSTM8_32K\lib\crtsi0.sm8 section .text
                                               used in Debug\stm8_interrupt_vector.o
__vectab                            00008000   defined in Debug\stm8_interrupt_vector.o section .const
_blink_greenLED_times               0000001d   defined in Debug\stm8l10x_it.o section .bsct, initialized
                                               used in Debug\main.o
_blink_redLED_times                 0000001c   defined in Debug\stm8l10x_it.o section .bsct, initialized
                                               used in Debug\main.o
_btn1_0_cnt                         0000000f   defined in Debug\stm8l10x_it.o section .bsct, initialized
_btn1_1_cnt                         00000010   defined in Debug\stm8l10x_it.o section .bsct, initialized
_btn1_delay_cnt                     00000012   defined in Debug\stm8l10x_it.o section .bsct, initialized
_cnt_blink_greenLED                 0000001b   defined in Debug\stm8l10x_it.o section .bsct, initialized
_cnt_blink_redLED                   0000001a   defined in Debug\stm8l10x_it.o section .bsct, initialized
_cnt_flag_1000ms                    0000000d   defined in Debug\stm8l10x_it.o section .bsct, initialized
_cnt_flag_250ms                     00000009   defined in Debug\stm8l10x_it.o section .bsct, initialized
_cnt_flag_500ms                     0000000b   defined in Debug\stm8l10x_it.o section .bsct, initialized
_cnt_state_greenLED                 00000018   defined in Debug\stm8l10x_it.o section .bsct, initialized
                                               used in Debug\main.o
_cnt_state_redLED                   00000016   defined in Debug\stm8l10x_it.o section .bsct, initialized
                                               used in Debug\main.o
_debug                              00000015   defined in Debug\stm8l10x_it.o section .bsct, initialized
_delay_4us                          ********   *** removed from Debug\delay.o ***
_delay_ms                           ********   *** removed from Debug\delay.o ***
_exit                               0000811e   defined in C:\Program Files (x86)\COSMIC\CXSTM8_32K\lib\crtsi0.sm8 section .text
_flag_blink_greenLED                0000fe:2   defined in Debug\stm8l10x_it.o section .bit, initialized
                                               used in Debug\main.o
_flag_blink_on_off                  0000fe:0   defined in Debug\stm8l10x_it.o section .bit, initialized
                                               used in Debug\main.o
_flag_blink_redLED                  0000fe:1   defined in Debug\stm8l10x_it.o section .bit, initialized
                                               used in Debug\main.o
_flag_blink_unlimited               0000fe:3   defined in Debug\stm8l10x_it.o section .bit, initialized
                                               used in Debug\main.o
_idx                                0000002d   defined in Debug\stm8l10x_it.o section .bsct, initialized
_main                               00008223   defined in Debug\main.o section .text
                                               used in C:\Program Files (x86)\COSMIC\CXSTM8_32K\lib\crtsi0.sm8
_rcv_buff                           00000053   defined in Debug\stm8l10x_it.o section .ubsct
c_divsl                             ********   *** removed from (C:\Program Files (x86)\COSMIC\CXSTM8_32K\lib\libm0.sm8)ldiv.o ***
c_divul                             ********   *** removed from (C:\Program Files (x86)\COSMIC\CXSTM8_32K\lib\libm0.sm8)ldiv.o ***
c_lcmp                              ********   *** removed from (C:\Program Files (x86)\COSMIC\CXSTM8_32K\lib\libm0.sm8)lcmp.o ***
c_lgneg                             ********   *** removed from (C:\Program Files (x86)\COSMIC\CXSTM8_32K\lib\libm0.sm8)lgneg.o ***
c_llsh                              ********   *** removed from (C:\Program Files (x86)\COSMIC\CXSTM8_32K\lib\libm0.sm8)llsh.o ***
c_lneg                              ********   *** removed from (C:\Program Files (x86)\COSMIC\CXSTM8_32K\lib\libm0.sm8)lneg.o ***
c_lreg                              ********   *** removed from (C:\Program Files (x86)\COSMIC\CXSTM8_32K\lib\libm0.sm8)lreg.o ***
c_ltor                              ********   *** removed from (C:\Program Files (x86)\COSMIC\CXSTM8_32K\lib\libm0.sm8)ltor.o ***
c_ludv                              ********   *** removed from (C:\Program Files (x86)\COSMIC\CXSTM8_32K\lib\libm0.sm8)ludiv.o ***
c_rtol                              ********   *** removed from (C:\Program Files (x86)\COSMIC\CXSTM8_32K\lib\libm0.sm8)rtol.o ***
c_uitolx                            ********   *** removed from (C:\Program Files (x86)\COSMIC\CXSTM8_32K\lib\libm0.sm8)utolx.o ***
c_x                                 000000f7   defined in (C:\Program Files (x86)\COSMIC\CXSTM8_32K\lib\libm0.sm8)xreg.o section .ubsct
                                               used in C:\Program Files (x86)\COSMIC\CXSTM8_32K\lib\crtsi0.sm8
                                                       Debug\stm8l10x_it.o
                                                       (C:\Program Files (x86)\COSMIC\CXSTM8_32K\lib\libm0.sm8)ldiv.o
c_y                                 000000fa   defined in (C:\Program Files (x86)\COSMIC\CXSTM8_32K\lib\libm0.sm8)yreg.o section .ubsct
                                               used in C:\Program Files (x86)\COSMIC\CXSTM8_32K\lib\crtsi0.sm8
                                                       Debug\stm8l10x_it.o
f_AWU_IRQHandler                    00008858   defined in Debug\stm8l10x_it.o section .text
                                               used in Debug\stm8_interrupt_vector.o
f_COMP_IRQHandler                   00008863   defined in Debug\stm8l10x_it.o section .text
                                               used in Debug\stm8_interrupt_vector.o
f_EXTI0_IRQHandler                  0000885b   defined in Debug\stm8l10x_it.o section .text
                                               used in Debug\stm8_interrupt_vector.o
f_EXTI1_IRQHandler                  0000885c   defined in Debug\stm8l10x_it.o section .text
                                               used in Debug\stm8_interrupt_vector.o
f_EXTI2_IRQHandler                  0000885d   defined in Debug\stm8l10x_it.o section .text
                                               used in Debug\stm8_interrupt_vector.o
f_EXTI3_IRQHandler                  0000885e   defined in Debug\stm8l10x_it.o section .text
                                               used in Debug\stm8_interrupt_vector.o
f_EXTI4_IRQHandler                  0000885f   defined in Debug\stm8l10x_it.o section .text
                                               used in Debug\stm8_interrupt_vector.o
f_EXTI5_IRQHandler                  00008860   defined in Debug\stm8l10x_it.o section .text
                                               used in Debug\stm8_interrupt_vector.o
f_EXTI6_IRQHandler                  00008861   defined in Debug\stm8l10x_it.o section .text
                                               used in Debug\stm8_interrupt_vector.o
f_EXTI7_IRQHandler                  00008862   defined in Debug\stm8l10x_it.o section .text
                                               used in Debug\stm8_interrupt_vector.o
f_EXTIB_IRQHandler                  00008859   defined in Debug\stm8l10x_it.o section .text
                                               used in Debug\stm8_interrupt_vector.o
f_EXTID_IRQHandler                  0000885a   defined in Debug\stm8l10x_it.o section .text
                                               used in Debug\stm8_interrupt_vector.o
f_FLASH_IRQHandler                  00008857   defined in Debug\stm8l10x_it.o section .text
                                               used in Debug\stm8_interrupt_vector.o
f_I2C_IRQHandler                    00008869   defined in Debug\stm8l10x_it.o section .text
                                               used in Debug\stm8_interrupt_vector.o
f_NonHandledInterrupt               000083ca   defined in Debug\stm8l10x_it.o section .text
                                               used in Debug\stm8_interrupt_vector.o
f_SPI_IRQHandler                    00008866   defined in Debug\stm8l10x_it.o section .text
                                               used in Debug\stm8_interrupt_vector.o
f_TIM2_CAP_IRQHandler               00008864   defined in Debug\stm8l10x_it.o section .text
                                               used in Debug\stm8_interrupt_vector.o
f_TIM2_UPD_OVF_TRG_BRK_IRQHandler   00008696   defined in Debug\stm8l10x_it.o section .text
                                               used in Debug\stm8_interrupt_vector.o
f_TIM3_CAP_IRQHandler               000083cb   defined in Debug\stm8l10x_it.o section .text
                                               used in Debug\stm8_interrupt_vector.o
f_TIM3_UPD_OVF_TRG_BRK_IRQHandler   00008855   defined in Debug\stm8l10x_it.o section .text
                                               used in Debug\stm8_interrupt_vector.o
f_TIM4_UPD_OVF_IRQHandler           00008865   defined in Debug\stm8l10x_it.o section .text
                                               used in Debug\stm8_interrupt_vector.o
f_TRAP_IRQHandler                   00008856   defined in Debug\stm8l10x_it.o section .text
                                               used in Debug\stm8_interrupt_vector.o
f_USART_RX_IRQHandler               00008868   defined in Debug\stm8l10x_it.o section .text
                                               used in Debug\stm8_interrupt_vector.o
f_USART_TX_IRQHandler               00008867   defined in Debug\stm8l10x_it.o section .text
                                               used in Debug\stm8_interrupt_vector.o
