
Map of Debug\stm8l10x.sm8 from link file Debug\stm8l10x.lkf - Tue Oct 06 20:10:49 2015


                               --------
                               Segments
                               --------

start 00008080 end 00008080 length     0 segment .const
start 000080cf end 00008a33 length  2404 segment .text
start 00000000 end 0000003f length    63 segment .bsct, initialized
start 0000808d end 000080cc length    63 segment .bsct, from
start 0000003f end 000000f7 length   184 segment .ubsct
start 0000f7:0 end 0000f9:1 length    17 segment .bit, initialized
start 000080cc end 000080cf length     3 segment .bit, from
start 000000fa end 000000fa length     0 segment .share
start 00000100 end 00000100 length     0 segment .data
start 00000100 end 00000100 length     0 segment .bss
start 00000000 end 00000d8a length  3466 segment .info.
start 00000000 end 0000d659 length 54873 segment .debug
start 00008000 end 00008080 length   128 segment .const
start 00008080 end 0000808d length    13 segment .init


                               -------
                               Modules
                               -------

C:\Program Files (x86)\COSMIC\CXSTM8_32K\lib\crtsi0.sm8:
start 000080cf end 0000811f length    80 section .text
start 00000100 end 00000100 length     0 section .bss
start 0000003f end 0000003f length     0 section .ubsct
start 00000000 end 0000002f length    47 section .info.

Debug\config.o:
start 00000000 end 000000b2 length   178 section .debug
start 0000002f end 000000c6 length   151 section .info.
start 0000811f end 000081e6 length   199 section .text

Debug\delay.o:
start 000000b2 end 000001dd length   299 section .debug
start 000000c6 end 0000015c length   150 section .info.
start ******** end ******** length     0 section .text *** removed ***
start ******** end ******** length     0 section .text *** removed ***

Debug\errors.o:
start 0000003f end 0000004b length    12 section .ubsct
start 000001dd end 00000562 length   901 section .debug
start 0000015c end 000001f3 length   151 section .info.
start ******** end ******** length     0 section .const *** removed ***
start 000081e6 end 000081fc length    22 section .text
start ******** end ******** length     0 section .text *** removed ***
start ******** end ******** length     0 section .text *** removed ***
start ******** end ******** length     0 section .text *** removed ***
start 000081fc end 00008217 length    27 section .text
start ******** end ******** length     0 section .text *** removed ***

Debug\main.o:
start 00000000 end 00000009 length     9 section .bsct
start 0000004b end 00000050 length     5 section .ubsct
start 00000562 end 00000c44 length  1762 section .debug
start 000001f3 end 00000288 length   149 section .info.
start 0000f7:0 end 0000f7:4 length     4 section .bit
start 00008217 end 000083ba length   419 section .text
start ******** end ******** length     0 section .text *** removed ***
start ******** end ******** length     0 section .text *** removed ***
start ******** end ******** length     0 section .text *** removed ***
start ******** end ******** length     0 section .text *** removed ***
start 000083ba end 000083bd length     3 section .text
start 000083bd end 000083be length     1 section .text
start ******** end ******** length     0 section .const *** removed ***

Debug\stm8l10x_it.o:
start 00000009 end 00000033 length    42 section .bsct
start 00000050 end 000000f1 length   161 section .ubsct
start 00000c44 end 00001b0f length  3787 section .debug
start 00000288 end 00000324 length   156 section .info.
start 0000f7:4 end 0000f8:6 length    10 section .bit
start 000083be end 000083bf length     1 section .text
start 000083bf end 000083c0 length     1 section .text
start 000083c0 end 000085c2 length   514 section .text
start 000085c2 end 000085c3 length     1 section .text
start 000085c3 end 000085c4 length     1 section .text
start 000085c4 end 000085c5 length     1 section .text
start 000085c5 end 000085c6 length     1 section .text
start 000085c6 end 000085c7 length     1 section .text
start 000085c7 end 000085c8 length     1 section .text
start 000085c8 end 000085c9 length     1 section .text
start 000085c9 end 000085ca length     1 section .text
start 000085ca end 000085cb length     1 section .text
start 000085cb end 000085cc length     1 section .text
start 000085cc end 000085cd length     1 section .text
start 000085cd end 000085ce length     1 section .text
start 000085ce end 000085cf length     1 section .text
start 000085cf end 000085d0 length     1 section .text
start 000085d0 end 00008783 length   435 section .text
start 00008783 end 00008784 length     1 section .text
start 00008784 end 00008785 length     1 section .text
start 00008785 end 00008786 length     1 section .text
start 00008786 end 00008787 length     1 section .text
start 00008787 end 00008788 length     1 section .text
start 00008788 end 00008789 length     1 section .text

Debug\timeout.o:
start 00000033 end 0000003f length    12 section .bsct
start 00001b0f end 00001fb4 length  1189 section .debug
start 00000324 end 000003bc length   152 section .info.
start 0000f8:6 end 0000f9:1 length     3 section .bit
start 00008789 end 00008793 length    10 section .text
start ******** end ******** length     0 section .text *** removed ***
start 00008793 end 0000879d length    10 section .text
start 0000879d end 000087a7 length    10 section .text
start ******** end ******** length     0 section .text *** removed ***
start 000087a7 end 000087b1 length    10 section .text
start ******** end ******** length     0 section .text *** removed ***
start ******** end ******** length     0 section .text *** removed ***
start ******** end ******** length     0 section .text *** removed ***

Debug\stm8l10x_clk.o:
start 00001fb4 end 000025d1 length  1565 section .debug
start 000003bc end 00000459 length   157 section .info.
start ******** end ******** length     0 section .const *** removed ***
start ******** end ******** length     0 section .text *** removed ***
start ******** end ******** length     0 section .text *** removed ***
start 000087b1 end 000087c7 length    22 section .text
start ******** end ******** length     0 section .text *** removed ***
start ******** end ******** length     0 section .text *** removed ***
start ******** end ******** length     0 section .text *** removed ***

Debug\stm8l10x_exti.o:
start 000025d1 end 00002f2f length  2398 section .debug
start 00000459 end 000004f7 length   158 section .info.
start ******** end ******** length     0 section .text *** removed ***
start ******** end ******** length     0 section .text *** removed ***
start ******** end ******** length     0 section .text *** removed ***
start ******** end ******** length     0 section .text *** removed ***
start ******** end ******** length     0 section .text *** removed ***
start ******** end ******** length     0 section .text *** removed ***
start ******** end ******** length     0 section .text *** removed ***
start ******** end ******** length     0 section .text *** removed ***
start ******** end ******** length     0 section .text *** removed ***

Debug\stm8l10x_flash.o:
start 00002f2f end 00003a4b length  2844 section .debug
start 000004f7 end 00000596 length   159 section .info.
start ******** end ******** length     0 section .text *** removed ***
start ******** end ******** length     0 section .text *** removed ***
start ******** end ******** length     0 section .text *** removed ***
start ******** end ******** length     0 section .text *** removed ***
start ******** end ******** length     0 section .text *** removed ***
start ******** end ******** length     0 section .text *** removed ***
start ******** end ******** length     0 section .text *** removed ***
start ******** end ******** length     0 section .text *** removed ***
start ******** end ******** length     0 section .text *** removed ***
start ******** end ******** length     0 section .text *** removed ***
start ******** end ******** length     0 section .text *** removed ***
start ******** end ******** length     0 section .text *** removed ***
start ******** end ******** length     0 section .text *** removed ***
start ******** end ******** length     0 section .text *** removed ***
start ******** end ******** length     0 section .text *** removed ***
start ******** end ******** length     0 section .text *** removed ***
start ******** end ******** length     0 section .text *** removed ***

Debug\stm8l10x_gpio.o:
start 00003a4b end 0000458c length  2881 section .debug
start 00000596 end 00000634 length   158 section .info.
start ******** end ******** length     0 section .text *** removed ***
start 000087c7 end 00008815 length    78 section .text
start ******** end ******** length     0 section .text *** removed ***
start ******** end ******** length     0 section .text *** removed ***
start ******** end ******** length     0 section .text *** removed ***
start ******** end ******** length     0 section .text *** removed ***
start ******** end ******** length     0 section .text *** removed ***
start ******** end ******** length     0 section .text *** removed ***
start ******** end ******** length     0 section .text *** removed ***
start ******** end ******** length     0 section .text *** removed ***
start ******** end ******** length     0 section .text *** removed ***
start ******** end ******** length     0 section .text *** removed ***

Debug\stm8l10x_itc.o:
start 0000458c end 00004b7b length  1519 section .debug
start 00000634 end 000006d1 length   157 section .info.
start ******** end ******** length     0 section .text *** removed ***
start ******** end ******** length     0 section .text *** removed ***
start ******** end ******** length     0 section .text *** removed ***
start ******** end ******** length     0 section .const *** removed ***
start ******** end ******** length     0 section .text *** removed ***
start ******** end ******** length     0 section .text *** removed ***

Debug\stm8l10x_iwdg.o:
start 00004b7b end 00004f20 length   933 section .debug
start 000006d1 end 0000076f length   158 section .info.
start 00008815 end 00008819 length     4 section .text
start 00008819 end 0000881d length     4 section .text
start 0000881d end 00008821 length     4 section .text
start 00008821 end 00008826 length     5 section .text
start 00008826 end 0000882b length     5 section .text

Debug\stm8l10x_rst.o:
start 00004f20 end 00005179 length   601 section .debug
start 0000076f end 0000080c length   157 section .info.
start 0000882b end 00008833 length     8 section .text
start 00008833 end 00008837 length     4 section .text
start ******** end ******** length     0 section .text *** removed ***

Debug\stm8l10x_spi.o:
start 00005179 end 00005dd2 length  3161 section .debug
start 0000080c end 000008a9 length   157 section .info.
start ******** end ******** length     0 section .text *** removed ***
start ******** end ******** length     0 section .text *** removed ***
start ******** end ******** length     0 section .text *** removed ***
start ******** end ******** length     0 section .text *** removed ***
start ******** end ******** length     0 section .text *** removed ***
start ******** end ******** length     0 section .text *** removed ***
start ******** end ******** length     0 section .text *** removed ***
start ******** end ******** length     0 section .text *** removed ***
start ******** end ******** length     0 section .text *** removed ***
start ******** end ******** length     0 section .text *** removed ***
start ******** end ******** length     0 section .text *** removed ***
start ******** end ******** length     0 section .text *** removed ***

Debug\stm8l10x_tim2.o:
start 00005dd2 end 000090f9 length 13095 section .debug
start 000008a9 end 00000947 length   158 section .info.
start ******** end ******** length     0 section .text *** removed ***
start 00008837 end 00008857 length    32 section .text
start ******** end ******** length     0 section .text *** removed ***
start ******** end ******** length     0 section .text *** removed ***
start ******** end ******** length     0 section .text *** removed ***
start ******** end ******** length     0 section .text *** removed ***
start ******** end ******** length     0 section .text *** removed ***
start 00008857 end 00008864 length    13 section .text
start ******** end ******** length     0 section .text *** removed ***
start 00008864 end 0000887a length    22 section .text
start ******** end ******** length     0 section .text *** removed ***
start ******** end ******** length     0 section .text *** removed ***
start ******** end ******** length     0 section .text *** removed ***
start ******** end ******** length     0 section .text *** removed ***
start ******** end ******** length     0 section .text *** removed ***
start ******** end ******** length     0 section .text *** removed ***
start ******** end ******** length     0 section .text *** removed ***
start ******** end ******** length     0 section .text *** removed ***
start ******** end ******** length     0 section .text *** removed ***
start ******** end ******** length     0 section .text *** removed ***
start ******** end ******** length     0 section .text *** removed ***
start ******** end ******** length     0 section .text *** removed ***
start ******** end ******** length     0 section .text *** removed ***
start ******** end ******** length     0 section .text *** removed ***
start ******** end ******** length     0 section .text *** removed ***
start ******** end ******** length     0 section .text *** removed ***
start ******** end ******** length     0 section .text *** removed ***
start ******** end ******** length     0 section .text *** removed ***
start ******** end ******** length     0 section .text *** removed ***
start ******** end ******** length     0 section .text *** removed ***
start ******** end ******** length     0 section .text *** removed ***
start ******** end ******** length     0 section .text *** removed ***
start ******** end ******** length     0 section .text *** removed ***
start ******** end ******** length     0 section .text *** removed ***
start ******** end ******** length     0 section .text *** removed ***
start ******** end ******** length     0 section .text *** removed ***
start ******** end ******** length     0 section .text *** removed ***
start ******** end ******** length     0 section .text *** removed ***
start ******** end ******** length     0 section .text *** removed ***
start ******** end ******** length     0 section .text *** removed ***
start ******** end ******** length     0 section .text *** removed ***
start ******** end ******** length     0 section .text *** removed ***
start ******** end ******** length     0 section .text *** removed ***
start ******** end ******** length     0 section .text *** removed ***
start ******** end ******** length     0 section .text *** removed ***
start ******** end ******** length     0 section .text *** removed ***
start ******** end ******** length     0 section .text *** removed ***
start ******** end ******** length     0 section .text *** removed ***
start ******** end ******** length     0 section .text *** removed ***
start ******** end ******** length     0 section .text *** removed ***
start 0000887a end 000088a4 length    42 section .text
start 000088a4 end 000088a9 length     5 section .text
start ******** end ******** length     0 section .text *** removed ***
start ******** end ******** length     0 section .text *** removed ***
start ******** end ******** length     0 section .text *** removed ***
start ******** end ******** length     0 section .text *** removed ***

Debug\stm8l10x_tim3.o:
start 000090f9 end 0000c34b length 12882 section .debug
start 00000947 end 000009e5 length   158 section .info.
start ******** end ******** length     0 section .text *** removed ***
start 000088a9 end 000088c9 length    32 section .text
start ******** end ******** length     0 section .text *** removed ***
start ******** end ******** length     0 section .text *** removed ***
start ******** end ******** length     0 section .text *** removed ***
start 000088c9 end 000088f6 length    45 section .text
start ******** end ******** length     0 section .text *** removed ***
start 000088f6 end 00008903 length    13 section .text
start ******** end ******** length     0 section .text *** removed ***
start 00008903 end 00008919 length    22 section .text
start ******** end ******** length     0 section .text *** removed ***
start ******** end ******** length     0 section .text *** removed ***
start ******** end ******** length     0 section .text *** removed ***
start ******** end ******** length     0 section .text *** removed ***
start ******** end ******** length     0 section .text *** removed ***
start 00008919 end 00008927 length    14 section .text
start ******** end ******** length     0 section .text *** removed ***
start ******** end ******** length     0 section .text *** removed ***
start ******** end ******** length     0 section .text *** removed ***
start ******** end ******** length     0 section .text *** removed ***
start ******** end ******** length     0 section .text *** removed ***
start 00008927 end 00008935 length    14 section .text
start ******** end ******** length     0 section .text *** removed ***
start ******** end ******** length     0 section .text *** removed ***
start ******** end ******** length     0 section .text *** removed ***
start ******** end ******** length     0 section .text *** removed ***
start ******** end ******** length     0 section .text *** removed ***
start ******** end ******** length     0 section .text *** removed ***
start ******** end ******** length     0 section .text *** removed ***
start ******** end ******** length     0 section .text *** removed ***
start ******** end ******** length     0 section .text *** removed ***
start ******** end ******** length     0 section .text *** removed ***
start ******** end ******** length     0 section .text *** removed ***
start ******** end ******** length     0 section .text *** removed ***
start ******** end ******** length     0 section .text *** removed ***
start ******** end ******** length     0 section .text *** removed ***
start ******** end ******** length     0 section .text *** removed ***
start ******** end ******** length     0 section .text *** removed ***
start ******** end ******** length     0 section .text *** removed ***
start ******** end ******** length     0 section .text *** removed ***
start ******** end ******** length     0 section .text *** removed ***
start ******** end ******** length     0 section .text *** removed ***
start 00008935 end 00008943 length    14 section .text
start 00008943 end 00008951 length    14 section .text
start 00008951 end 0000896e length    29 section .text
start 0000896e end 0000898b length    29 section .text
start ******** end ******** length     0 section .text *** removed ***
start ******** end ******** length     0 section .text *** removed ***
start ******** end ******** length     0 section .text *** removed ***
start ******** end ******** length     0 section .text *** removed ***
start 0000898b end 000089b5 length    42 section .text
start 000089b5 end 000089ba length     5 section .text
start 000089ba end 000089f2 length    56 section .text
start 000089f2 end 00008a2a length    56 section .text
start ******** end ******** length     0 section .text *** removed ***

Debug\stm8l10x_tim4.o:
start 0000c34b end 0000d533 length  4584 section .debug
start 000009e5 end 00000a83 length   158 section .info.
start ******** end ******** length     0 section .text *** removed ***
start 00008a2a end 00008a33 length     9 section .text
start ******** end ******** length     0 section .text *** removed ***
start ******** end ******** length     0 section .text *** removed ***
start ******** end ******** length     0 section .text *** removed ***
start ******** end ******** length     0 section .text *** removed ***
start ******** end ******** length     0 section .text *** removed ***
start ******** end ******** length     0 section .text *** removed ***
start ******** end ******** length     0 section .text *** removed ***
start ******** end ******** length     0 section .text *** removed ***
start ******** end ******** length     0 section .text *** removed ***
start ******** end ******** length     0 section .text *** removed ***
start ******** end ******** length     0 section .text *** removed ***
start ******** end ******** length     0 section .text *** removed ***
start ******** end ******** length     0 section .text *** removed ***
start ******** end ******** length     0 section .text *** removed ***
start ******** end ******** length     0 section .text *** removed ***
start ******** end ******** length     0 section .text *** removed ***
start ******** end ******** length     0 section .text *** removed ***
start ******** end ******** length     0 section .text *** removed ***
start ******** end ******** length     0 section .text *** removed ***
start ******** end ******** length     0 section .text *** removed ***
start ******** end ******** length     0 section .text *** removed ***
start ******** end ******** length     0 section .text *** removed ***

(C:\Program Files (x86)\COSMIC\CXSTM8_32K\lib\libm0.sm8)lcmp.o:
start ******** end ******** length     0 section .text *** removed ***
start 00000a83 end 00000ab1 length    46 section .info.

(C:\Program Files (x86)\COSMIC\CXSTM8_32K\lib\libm0.sm8)llsh.o:
start ******** end ******** length     0 section .text *** removed ***
start 00000ab1 end 00000adf length    46 section .info.

(C:\Program Files (x86)\COSMIC\CXSTM8_32K\lib\libm0.sm8)lreg.o:
start ******** end ******** length     0 section .ubsct *** removed ***
start 00000adf end 00000b0d length    46 section .info.

(C:\Program Files (x86)\COSMIC\CXSTM8_32K\lib\libm0.sm8)ltor.o:
start ******** end ******** length     0 section .text *** removed ***
start 00000b0d end 00000b3b length    46 section .info.

(C:\Program Files (x86)\COSMIC\CXSTM8_32K\lib\libm0.sm8)ludiv.o:
start ******** end ******** length     0 section .text *** removed ***
start 00000b3b end 00000b6a length    47 section .info.

(C:\Program Files (x86)\COSMIC\CXSTM8_32K\lib\libm0.sm8)ldiv.o:
start ******** end ******** length     0 section .text *** removed ***
start 00000b6a end 00000b98 length    46 section .info.

(C:\Program Files (x86)\COSMIC\CXSTM8_32K\lib\libm0.sm8)lgneg.o:
start ******** end ******** length     0 section .text *** removed ***
start 00000b98 end 00000bc7 length    47 section .info.

(C:\Program Files (x86)\COSMIC\CXSTM8_32K\lib\libm0.sm8)lneg.o:
start ******** end ******** length     0 section .text *** removed ***
start 00000bc7 end 00000bf5 length    46 section .info.

(C:\Program Files (x86)\COSMIC\CXSTM8_32K\lib\libm0.sm8)rtol.o:
start ******** end ******** length     0 section .text *** removed ***
start 00000bf5 end 00000c23 length    46 section .info.

(C:\Program Files (x86)\COSMIC\CXSTM8_32K\lib\libm0.sm8)utolx.o:
start ******** end ******** length     0 section .text *** removed ***
start 00000c23 end 00000c52 length    47 section .info.

(C:\Program Files (x86)\COSMIC\CXSTM8_32K\lib\libm0.sm8)xreg.o:
start 000000f1 end 000000f4 length     3 section .ubsct
start 00000c52 end 00000c80 length    46 section .info.

(C:\Program Files (x86)\COSMIC\CXSTM8_32K\lib\libm0.sm8)yreg.o:
start 000000f4 end 000000f7 length     3 section .ubsct
start 00000c80 end 00000cae length    46 section .info.

Debug\stm8_interrupt_vector.o:
start 0000d533 end 0000d659 length   294 section .debug
start 00000cae end 00000d54 length   166 section .info.
start 00008000 end 00008080 length   128 section .const


                             -----------
                             Stack usage
                             -----------

Debug\config.o:
_Config                                16   (2)

Debug\errors.o:
_Errors_Init                            3   (3)
_Errors_IsError                         3   (3)

Debug\main.o:
_TASK_250ms                             2   (2)
_TASK_500ms                             2   (2)
_main                              >   18   (2)

Debug\stm8l10x_clk.o:
_CLK_PeripheralClockConfig              4   (4)

Debug\stm8l10x_gpio.o:
_GPIO_Init                              6   (6)

Debug\stm8l10x_it.o:
f_AWU_IRQHandler                   >    6   (6)
f_COMP_IRQHandler                  >    6   (6)
f_EXTI0_IRQHandler                 >    6   (6)
f_EXTI1_IRQHandler                 >    6   (6)
f_EXTI2_IRQHandler                 >    6   (6)
f_EXTI3_IRQHandler                 >    6   (6)
f_EXTI4_IRQHandler                 >    6   (6)
f_EXTI5_IRQHandler                 >    6   (6)
f_EXTI6_IRQHandler                 >    6   (6)
f_EXTI7_IRQHandler                 >    6   (6)
f_EXTIB_IRQHandler                 >    6   (6)
f_EXTID_IRQHandler                 >    6   (6)
f_FLASH_IRQHandler                 >    6   (6)
f_I2C_IRQHandler                   >    6   (6)
f_NonHandledInterrupt              >    6   (6)
f_SPI_IRQHandler                   >    6   (6)
f_TIM2_CAP_IRQHandler              >    6   (6)
f_TIM2_UPD_OVF_TRG_BRK_IRQHandler  >   18   (12)
f_TIM3_CAP_IRQHandler              >   19   (13)
f_TIM3_UPD_OVF_TRG_BRK_IRQHandler  >    6   (6)
f_TIM4_UPD_OVF_IRQHandler          >    6   (6)
f_TRAP_IRQHandler                  >    6   (6)
f_USART_RX_IRQHandler              >    6   (6)
f_USART_TX_IRQHandler              >    6   (6)

Debug\stm8l10x_iwdg.o:
_IWDG_Enable                            2   (2)
_IWDG_ReloadCounter                     2   (2)
_IWDG_SetPrescaler                      2   (2)
_IWDG_SetReload                         2   (2)
_IWDG_WriteAccessCmd                    2   (2)

Debug\stm8l10x_rst.o:
_RST_ClearFlag                          2   (2)
_RST_GetFlagStatus                      2   (2)

Debug\stm8l10x_tim2.o:
_TIM2_ClearITPendingBit                 2   (2)
_TIM2_Cmd                               2   (2)
_TIM2_GetITStatus                       6   (6)
_TIM2_ITConfig                          4   (4)
_TIM2_TimeBaseInit                      6   (6)

Debug\stm8l10x_tim3.o:
L3_TI1_Config                           7   (7)
L5_TI2_Config                           7   (7)
_TIM3_ClearITPendingBit                 2   (2)
_TIM3_Cmd                               2   (2)
_TIM3_GetCapture1                       6   (6)
_TIM3_GetCapture2                       6   (6)
_TIM3_GetITStatus                       6   (6)
_TIM3_ICInit                           14   (7)
_TIM3_ITConfig                          4   (4)
_TIM3_SelectInputTrigger                4   (4)
_TIM3_SelectSlaveMode                   4   (4)
_TIM3_SetIC1Prescaler                   4   (4)
_TIM3_SetIC2Prescaler                   4   (4)
_TIM3_TimeBaseInit                      6   (6)

Debug\stm8l10x_tim4.o:
_TIM4_TimeBaseInit                      2   (2)

Debug\timeout.o:
_Timeout_IsTimeout1                     2   (2)
_Timeout_IsTimeout2                     2   (2)
_Timeout_SetTimeout1                    2   (2)
_Timeout_SetTimeout2                    2   (2)

Stack size: 37


                              ---------
                              Call tree
                              ---------
   1 > __stext: (0)

   2 > _main: (2)
   3      + _Config: (2)
   4      |    + _CLK_PeripheralClockConfig: (4)
   5      |    + _GPIO_Init: (6)
   6      |    + _TIM2_Cmd: (2)
   7      |    + _TIM2_ITConfig: (4)
   8      |    + _TIM2_TimeBaseInit: (6)
   9      |    + _TIM3_Cmd: (2)
  10      |    + _TIM3_ICInit: (7)
  11      |    |    + L3_TI1_Config: (7)
  12      |    |    + L5_TI2_Config: (7)
  13      |    |    + _TIM3_SetIC1Prescaler: (4)
  14      |    |    + _TIM3_SetIC2Prescaler: (4)
          |    | 
  15      |    + _TIM3_ITConfig: (4)
  16      |    + _TIM3_SelectInputTrigger: (4)
  17      |    + _TIM3_SelectSlaveMode: (4)
  18      |    + _TIM3_TimeBaseInit: (6)
  19      |    + _TIM4_TimeBaseInit: (2)
          | 
  20      + _Errors_Init: (3)
  21      + _Errors_IsError: (3)
  22      + _IWDG_Enable: (2)
  23      + _IWDG_ReloadCounter: (2)
  24      + _IWDG_SetPrescaler: (2)
  25      + _IWDG_SetReload: (2)
  26      + _IWDG_WriteAccessCmd: (2)
  27      + _RST_ClearFlag: (2)
  28      + _RST_GetFlagStatus: (2)
  29      + _TASK_250ms: (2)
  30      + _TASK_500ms: (2)
  31      + _Timeout_IsTimeout1: (2)
  32      + _Timeout_IsTimeout2: (2)
  33      + _Timeout_SetTimeout1: (2)
  34      + _Timeout_SetTimeout2: (2)
       
  35 > f_AWU_IRQHandler: (6)

  36 > f_COMP_IRQHandler: (6)

  37 > f_EXTI0_IRQHandler: (6)

  38 > f_EXTI1_IRQHandler: (6)

  39 > f_EXTI2_IRQHandler: (6)

  40 > f_EXTI3_IRQHandler: (6)

  41 > f_EXTI4_IRQHandler: (6)

  42 > f_EXTI5_IRQHandler: (6)

  43 > f_EXTI6_IRQHandler: (6)

  44 > f_EXTI7_IRQHandler: (6)

  45 > f_EXTIB_IRQHandler: (6)

  46 > f_EXTID_IRQHandler: (6)

  47 > f_FLASH_IRQHandler: (6)

  48 > f_I2C_IRQHandler: (6)

  49 > f_NonHandledInterrupt: (6)

  50 > f_SPI_IRQHandler: (6)

  51 > f_TIM2_CAP_IRQHandler: (6)

  52 > f_TIM2_UPD_OVF_TRG_BRK_IRQHandler: (12)
  53      + _TIM2_ClearITPendingBit: (2)
  54      + _TIM2_GetITStatus: (6)
       
  55 > f_TIM3_CAP_IRQHandler: (13)
  56      + _TIM3_ClearITPendingBit: (2)
  57      + _TIM3_GetCapture1: (6)
  58      + _TIM3_GetCapture2: (6)
  59      + _TIM3_GetITStatus: (6)
       
  60 > f_TIM3_UPD_OVF_TRG_BRK_IRQHandler: (6)

  61 > f_TIM4_UPD_OVF_IRQHandler: (6)

  62 > f_TRAP_IRQHandler: (6)

  63 > f_USART_RX_IRQHandler: (6)

  64 > f_USART_TX_IRQHandler: (6)

  65   L3_TI1_Config --> 11

  66   L5_TI2_Config --> 12

  67   _CLK_PeripheralClockConfig --> 4

  68   _Config --> 3

  69   _Errors_Init --> 20

  70   _Errors_IsError --> 21

  71   _GPIO_Init --> 5

  72   _IWDG_Enable --> 22

  73   _IWDG_ReloadCounter --> 23

  74   _IWDG_SetPrescaler --> 24

  75   _IWDG_SetReload --> 25

  76   _IWDG_WriteAccessCmd --> 26

  77   _RST_ClearFlag --> 27

  78   _RST_GetFlagStatus --> 28

  79   _TASK_250ms --> 29

  80   _TASK_500ms --> 30

  81   _TIM2_ClearITPendingBit --> 53

  82   _TIM2_Cmd --> 6

  83   _TIM2_GetITStatus --> 54

  84   _TIM2_ITConfig --> 7

  85   _TIM2_TimeBaseInit --> 8

  86   _TIM3_ClearITPendingBit --> 56

  87   _TIM3_Cmd --> 9

  88   _TIM3_GetCapture1 --> 57

  89   _TIM3_GetCapture2 --> 58

  90   _TIM3_GetITStatus --> 59

  91   _TIM3_ICInit --> 10

  92   _TIM3_ITConfig --> 15

  93   _TIM3_SelectInputTrigger --> 16

  94   _TIM3_SelectSlaveMode --> 17

  95   _TIM3_SetIC1Prescaler --> 13

  96   _TIM3_SetIC2Prescaler --> 14

  97   _TIM3_TimeBaseInit --> 18

  98   _TIM4_TimeBaseInit --> 19

  99   _Timeout_IsTimeout1 --> 31

 100   _Timeout_IsTimeout2 --> 32

 101   _Timeout_SetTimeout1 --> 33

 102   _Timeout_SetTimeout2 --> 34



                               -------
                               Symbols
                               -------

_BTN1_DEB_STATE                     00000011   defined in Debug\stm8l10x_it.o section .bsct, initialized
                                               used in Debug\main.o
_BTN1_DELAY_FLAG                    0000f7:7   defined in Debug\stm8l10x_it.o section .bit, initialized
_BTN1_Released                      ********   *** removed from Debug\main.o ***
_BTN1_press_timer                   00000013   defined in Debug\stm8l10x_it.o section .bsct, initialized
                                               used in Debug\main.o
_CLK_CCOCmd                         ********   *** removed from Debug\stm8l10x_clk.o ***
_CLK_CCOConfig                      ********   *** removed from Debug\stm8l10x_clk.o ***
_CLK_DeInit                         ********   *** removed from Debug\stm8l10x_clk.o ***
_CLK_GetClockFreq                   ********   *** removed from Debug\stm8l10x_clk.o ***
_CLK_MasterPrescalerConfig          ********   *** removed from Debug\stm8l10x_clk.o ***
_CLK_PeripheralClockConfig          000087b1   defined in Debug\stm8l10x_clk.o section .text
                                               used in Debug\config.o
_Config                             0000811f   defined in Debug\config.o section .text
                                               used in Debug\main.o
_EXTI_ClearITPendingBit             ********   *** removed from Debug\stm8l10x_exti.o ***
_EXTI_DeInit                        ********   *** removed from Debug\stm8l10x_exti.o ***
_EXTI_GetHalfPortSelection          ********   *** removed from Debug\stm8l10x_exti.o ***
_EXTI_GetITStatus                   ********   *** removed from Debug\stm8l10x_exti.o ***
_EXTI_GetPinSensitivity             ********   *** removed from Debug\stm8l10x_exti.o ***
_EXTI_GetPortSensitivity            ********   *** removed from Debug\stm8l10x_exti.o ***
_EXTI_SetHalfPortSelection          ********   *** removed from Debug\stm8l10x_exti.o ***
_EXTI_SetPinSensitivity             ********   *** removed from Debug\stm8l10x_exti.o ***
_EXTI_SetPortSensitivity            ********   *** removed from Debug\stm8l10x_exti.o ***
_Errors_CheckError                  ********   *** removed from Debug\errors.o ***
_Errors_Init                        000081e6   defined in Debug\errors.o section .text
                                               used in Debug\main.o
_Errors_IsError                     000081fc   defined in Debug\errors.o section .text
                                               used in Debug\main.o
_Errors_NumErrors                   ********   *** removed from Debug\errors.o ***
_Errors_ResetError                  ********   *** removed from Debug\errors.o ***
_Errors_SetError                    ********   *** removed from Debug\errors.o ***
_FLAG_1000ms                        0000f7:6   defined in Debug\stm8l10x_it.o section .bit, initialized
                                               used in Debug\main.o
_FLAG_250ms                         0000f7:4   defined in Debug\stm8l10x_it.o section .bit, initialized
                                               used in Debug\main.o
_FLAG_500ms                         0000f7:5   defined in Debug\stm8l10x_it.o section .bit, initialized
                                               used in Debug\main.o
_FLAG_UART_cmd_rcv                  0000f8:5   defined in Debug\stm8l10x_it.o section .bit, initialized
_FLASH_DeInit                       ********   *** removed from Debug\stm8l10x_flash.o ***
_FLASH_EraseBlock                   ********   *** removed from Debug\stm8l10x_flash.o ***
_FLASH_EraseByte                    ********   *** removed from Debug\stm8l10x_flash.o ***
_FLASH_GetBootSize                  ********   *** removed from Debug\stm8l10x_flash.o ***
_FLASH_GetDataSize                  ********   *** removed from Debug\stm8l10x_flash.o ***
_FLASH_GetFlagStatus                ********   *** removed from Debug\stm8l10x_flash.o ***
_FLASH_GetProgrammingTime           ********   *** removed from Debug\stm8l10x_flash.o ***
_FLASH_GetReadOutProtectionStatus   ********   *** removed from Debug\stm8l10x_flash.o ***
_FLASH_ITConfig                     ********   *** removed from Debug\stm8l10x_flash.o ***
_FLASH_Lock                         ********   *** removed from Debug\stm8l10x_flash.o ***
_FLASH_ProgramBlock                 ********   *** removed from Debug\stm8l10x_flash.o ***
_FLASH_ProgramByte                  ********   *** removed from Debug\stm8l10x_flash.o ***
_FLASH_ProgramWord                  ********   *** removed from Debug\stm8l10x_flash.o ***
_FLASH_ReadByte                     ********   *** removed from Debug\stm8l10x_flash.o ***
_FLASH_SetProgrammingTime           ********   *** removed from Debug\stm8l10x_flash.o ***
_FLASH_Unlock                       ********   *** removed from Debug\stm8l10x_flash.o ***
_FLASH_WaitForLastOperation         ********   *** removed from Debug\stm8l10x_flash.o ***
_GPIO_DeInit                        ********   *** removed from Debug\stm8l10x_gpio.o ***
_GPIO_ExternalPullUpConfig          ********   *** removed from Debug\stm8l10x_gpio.o ***
_GPIO_Init                          000087c7   defined in Debug\stm8l10x_gpio.o section .text
                                               used in Debug\config.o
_GPIO_ReadInputData                 ********   *** removed from Debug\stm8l10x_gpio.o ***
_GPIO_ReadInputDataBit              ********   *** removed from Debug\stm8l10x_gpio.o ***
_GPIO_ReadOutputData                ********   *** removed from Debug\stm8l10x_gpio.o ***
_GPIO_ReadOutputDataBit             ********   *** removed from Debug\stm8l10x_gpio.o ***
_GPIO_ResetBits                     ********   *** removed from Debug\stm8l10x_gpio.o ***
_GPIO_SetBits                       ********   *** removed from Debug\stm8l10x_gpio.o ***
_GPIO_ToggleBits                    ********   *** removed from Debug\stm8l10x_gpio.o ***
_GPIO_Write                         ********   *** removed from Debug\stm8l10x_gpio.o ***
_GPIO_WriteBit                      ********   *** removed from Debug\stm8l10x_gpio.o ***
_HSIDivFactor                       ********   *** removed from Debug\stm8l10x_clk.o ***
_ITC_DeInit                         ********   *** removed from Debug\stm8l10x_itc.o ***
_ITC_GetCPUCC                       ********   *** removed from Debug\stm8l10x_itc.o ***
_ITC_GetSoftIntStatus               ********   *** removed from Debug\stm8l10x_itc.o ***
_ITC_GetSoftwarePriority            ********   *** removed from Debug\stm8l10x_itc.o ***
_ITC_SetSoftwarePriority            ********   *** removed from Debug\stm8l10x_itc.o ***
_IWDG_Enable                        00008826   defined in Debug\stm8l10x_iwdg.o section .text
                                               used in Debug\main.o
_IWDG_ReloadCounter                 00008821   defined in Debug\stm8l10x_iwdg.o section .text
                                               used in Debug\main.o
_IWDG_SetPrescaler                  00008819   defined in Debug\stm8l10x_iwdg.o section .text
                                               used in Debug\main.o
_IWDG_SetReload                     0000881d   defined in Debug\stm8l10x_iwdg.o section .text
                                               used in Debug\main.o
_IWDG_WriteAccessCmd                00008815   defined in Debug\stm8l10x_iwdg.o section .text
                                               used in Debug\main.o
_IsLearnedID                        ********   *** removed from Debug\main.o ***
_LearnNewID                         ********   *** removed from Debug\main.o ***
_RFbytesReady                       0000002c   defined in Debug\stm8l10x_it.o section .bsct, initialized
                                               used in Debug\main.o
_RST_ClearFlag                      00008833   defined in Debug\stm8l10x_rst.o section .text
                                               used in Debug\main.o
_RST_GPOutputEnable                 ********   *** removed from Debug\stm8l10x_rst.o ***
_RST_GetFlagStatus                  0000882b   defined in Debug\stm8l10x_rst.o section .text
                                               used in Debug\main.o
_RcvRFmsg                           000000ec   defined in Debug\stm8l10x_it.o section .ubsct
                                               used in Debug\main.o
_SPI_BiDirectionalLineConfig        ********   *** removed from Debug\stm8l10x_spi.o ***
_SPI_ClearFlag                      ********   *** removed from Debug\stm8l10x_spi.o ***
_SPI_ClearITPendingBit              ********   *** removed from Debug\stm8l10x_spi.o ***
_SPI_Cmd                            ********   *** removed from Debug\stm8l10x_spi.o ***
_SPI_DeInit                         ********   *** removed from Debug\stm8l10x_spi.o ***
_SPI_GetFlagStatus                  ********   *** removed from Debug\stm8l10x_spi.o ***
_SPI_GetITStatus                    ********   *** removed from Debug\stm8l10x_spi.o ***
_SPI_ITConfig                       ********   *** removed from Debug\stm8l10x_spi.o ***
_SPI_Init                           ********   *** removed from Debug\stm8l10x_spi.o ***
_SPI_NSSInternalSoftwareCmd         ********   *** removed from Debug\stm8l10x_spi.o ***
_SPI_ReceiveData                    ********   *** removed from Debug\stm8l10x_spi.o ***
_SPI_SendData                       ********   *** removed from Debug\stm8l10x_spi.o ***
_TASK_1000ms                        ********   *** removed from Debug\main.o ***
_TASK_250ms                         000083bd   defined in Debug\main.o section .text
_TASK_500ms                         000083ba   defined in Debug\main.o section .text
_TIM2_ARRPreloadConfig              ********   *** removed from Debug\stm8l10x_tim2.o ***
_TIM2_BKRConfig                     ********   *** removed from Debug\stm8l10x_tim2.o ***
_TIM2_CCxCmd                        ********   *** removed from Debug\stm8l10x_tim2.o ***
_TIM2_ClearFlag                     ********   *** removed from Debug\stm8l10x_tim2.o ***
_TIM2_ClearITPendingBit             000088a4   defined in Debug\stm8l10x_tim2.o section .text
                                               used in Debug\stm8l10x_it.o
_TIM2_Cmd                           00008857   defined in Debug\stm8l10x_tim2.o section .text
                                               used in Debug\config.o
_TIM2_ComputeLsiClockFreq           ********   *** removed from Debug\stm8l10x_tim2.o ***
_TIM2_CounterModeConfig             ********   *** removed from Debug\stm8l10x_tim2.o ***
_TIM2_CtrlPWMOutputs                ********   *** removed from Debug\stm8l10x_tim2.o ***
_TIM2_DeInit                        ********   *** removed from Debug\stm8l10x_tim2.o ***
_TIM2_ETRClockMode1Config           ********   *** removed from Debug\stm8l10x_tim2.o ***
_TIM2_ETRClockMode2Config           ********   *** removed from Debug\stm8l10x_tim2.o ***
_TIM2_ETRConfig                     ********   *** removed from Debug\stm8l10x_tim2.o ***
_TIM2_EncoderInterfaceConfig        ********   *** removed from Debug\stm8l10x_tim2.o ***
_TIM2_ForcedOC1Config               ********   *** removed from Debug\stm8l10x_tim2.o ***
_TIM2_ForcedOC2Config               ********   *** removed from Debug\stm8l10x_tim2.o ***
_TIM2_GenerateEvent                 ********   *** removed from Debug\stm8l10x_tim2.o ***
_TIM2_GetCapture1                   ********   *** removed from Debug\stm8l10x_tim2.o ***
_TIM2_GetCapture2                   ********   *** removed from Debug\stm8l10x_tim2.o ***
_TIM2_GetCounter                    ********   *** removed from Debug\stm8l10x_tim2.o ***
_TIM2_GetFlagStatus                 ********   *** removed from Debug\stm8l10x_tim2.o ***
_TIM2_GetITStatus                   0000887a   defined in Debug\stm8l10x_tim2.o section .text
                                               used in Debug\stm8l10x_it.o
_TIM2_GetPrescaler                  ********   *** removed from Debug\stm8l10x_tim2.o ***
_TIM2_GetStatus                     ********   *** removed from Debug\stm8l10x_tim2.o ***
_TIM2_ICInit                        ********   *** removed from Debug\stm8l10x_tim2.o ***
_TIM2_ITConfig                      00008864   defined in Debug\stm8l10x_tim2.o section .text
                                               used in Debug\config.o
_TIM2_InternalClockConfig           ********   *** removed from Debug\stm8l10x_tim2.o ***
_TIM2_OC1FastCmd                    ********   *** removed from Debug\stm8l10x_tim2.o ***
_TIM2_OC1Init                       ********   *** removed from Debug\stm8l10x_tim2.o ***
_TIM2_OC1PolarityConfig             ********   *** removed from Debug\stm8l10x_tim2.o ***
_TIM2_OC1PreloadConfig              ********   *** removed from Debug\stm8l10x_tim2.o ***
_TIM2_OC2FastCmd                    ********   *** removed from Debug\stm8l10x_tim2.o ***
_TIM2_OC2Init                       ********   *** removed from Debug\stm8l10x_tim2.o ***
_TIM2_OC2PolarityConfig             ********   *** removed from Debug\stm8l10x_tim2.o ***
_TIM2_OC2PreloadConfig              ********   *** removed from Debug\stm8l10x_tim2.o ***
_TIM2_PWMIConfig                    ********   *** removed from Debug\stm8l10x_tim2.o ***
_TIM2_PrescalerConfig               ********   *** removed from Debug\stm8l10x_tim2.o ***
_TIM2_SelectHallSensor              ********   *** removed from Debug\stm8l10x_tim2.o ***
_TIM2_SelectInputTrigger            ********   *** removed from Debug\stm8l10x_tim2.o ***
_TIM2_SelectMasterSlaveMode         ********   *** removed from Debug\stm8l10x_tim2.o ***
_TIM2_SelectOCxM                    ********   *** removed from Debug\stm8l10x_tim2.o ***
_TIM2_SelectOnePulseMode            ********   *** removed from Debug\stm8l10x_tim2.o ***
_TIM2_SelectOutputTrigger           ********   *** removed from Debug\stm8l10x_tim2.o ***
_TIM2_SelectSlaveMode               ********   *** removed from Debug\stm8l10x_tim2.o ***
_TIM2_SetAutoreload                 ********   *** removed from Debug\stm8l10x_tim2.o ***
_TIM2_SetCompare1                   ********   *** removed from Debug\stm8l10x_tim2.o ***
_TIM2_SetCompare2                   ********   *** removed from Debug\stm8l10x_tim2.o ***
_TIM2_SetCounter                    ********   *** removed from Debug\stm8l10x_tim2.o ***
_TIM2_SetIC1Prescaler               ********   *** removed from Debug\stm8l10x_tim2.o ***
_TIM2_SetIC2Prescaler               ********   *** removed from Debug\stm8l10x_tim2.o ***
_TIM2_TIxExternalClockConfig        ********   *** removed from Debug\stm8l10x_tim2.o ***
_TIM2_TimeBaseInit                  00008837   defined in Debug\stm8l10x_tim2.o section .text
                                               used in Debug\config.o
_TIM2_UpdateDisableConfig           ********   *** removed from Debug\stm8l10x_tim2.o ***
_TIM2_UpdateRequestConfig           ********   *** removed from Debug\stm8l10x_tim2.o ***
_TIM3_ARRPreloadConfig              ********   *** removed from Debug\stm8l10x_tim3.o ***
_TIM3_BKRConfig                     ********   *** removed from Debug\stm8l10x_tim3.o ***
_TIM3_CCxCmd                        ********   *** removed from Debug\stm8l10x_tim3.o ***
_TIM3_ClearFlag                     ********   *** removed from Debug\stm8l10x_tim3.o ***
_TIM3_ClearITPendingBit             000089b5   defined in Debug\stm8l10x_tim3.o section .text
                                               used in Debug\stm8l10x_it.o
_TIM3_Cmd                           000088f6   defined in Debug\stm8l10x_tim3.o section .text
                                               used in Debug\config.o
_TIM3_CounterModeConfig             ********   *** removed from Debug\stm8l10x_tim3.o ***
_TIM3_CtrlPWMOutputs                ********   *** removed from Debug\stm8l10x_tim3.o ***
_TIM3_DeInit                        ********   *** removed from Debug\stm8l10x_tim3.o ***
_TIM3_ETRClockMode1Config           ********   *** removed from Debug\stm8l10x_tim3.o ***
_TIM3_ETRClockMode2Config           ********   *** removed from Debug\stm8l10x_tim3.o ***
_TIM3_ETRConfig                     ********   *** removed from Debug\stm8l10x_tim3.o ***
_TIM3_EncoderInterfaceConfig        ********   *** removed from Debug\stm8l10x_tim3.o ***
_TIM3_ForcedOC1Config               ********   *** removed from Debug\stm8l10x_tim3.o ***
_TIM3_ForcedOC2Config               ********   *** removed from Debug\stm8l10x_tim3.o ***
_TIM3_GenerateEvent                 ********   *** removed from Debug\stm8l10x_tim3.o ***
_TIM3_GetCapture1                   00008951   defined in Debug\stm8l10x_tim3.o section .text
                                               used in Debug\stm8l10x_it.o
_TIM3_GetCapture2                   0000896e   defined in Debug\stm8l10x_tim3.o section .text
                                               used in Debug\stm8l10x_it.o
_TIM3_GetCounter                    ********   *** removed from Debug\stm8l10x_tim3.o ***
_TIM3_GetFlagStatus                 ********   *** removed from Debug\stm8l10x_tim3.o ***
_TIM3_GetITStatus                   0000898b   defined in Debug\stm8l10x_tim3.o section .text
                                               used in Debug\stm8l10x_it.o
_TIM3_GetPrescaler                  ********   *** removed from Debug\stm8l10x_tim3.o ***
_TIM3_GetStatus                     ********   *** removed from Debug\stm8l10x_tim3.o ***
_TIM3_ICInit                        000088c9   defined in Debug\stm8l10x_tim3.o section .text
                                               used in Debug\config.o
_TIM3_ITConfig                      00008903   defined in Debug\stm8l10x_tim3.o section .text
                                               used in Debug\config.o
_TIM3_InternalClockConfig           ********   *** removed from Debug\stm8l10x_tim3.o ***
_TIM3_OC1FastCmd                    ********   *** removed from Debug\stm8l10x_tim3.o ***
_TIM3_OC1Init                       ********   *** removed from Debug\stm8l10x_tim3.o ***
_TIM3_OC1PolarityConfig             ********   *** removed from Debug\stm8l10x_tim3.o ***
_TIM3_OC1PreloadConfig              ********   *** removed from Debug\stm8l10x_tim3.o ***
_TIM3_OC2FastCmd                    ********   *** removed from Debug\stm8l10x_tim3.o ***
_TIM3_OC2Init                       ********   *** removed from Debug\stm8l10x_tim3.o ***
_TIM3_OC2PolarityConfig             ********   *** removed from Debug\stm8l10x_tim3.o ***
_TIM3_OC2PreloadConfig              ********   *** removed from Debug\stm8l10x_tim3.o ***
_TIM3_PWMIConfig                    ********   *** removed from Debug\stm8l10x_tim3.o ***
_TIM3_PrescalerConfig               ********   *** removed from Debug\stm8l10x_tim3.o ***
_TIM3_SelectHallSensor              ********   *** removed from Debug\stm8l10x_tim3.o ***
_TIM3_SelectInputTrigger            00008919   defined in Debug\stm8l10x_tim3.o section .text
                                               used in Debug\config.o
_TIM3_SelectMasterSlaveMode         ********   *** removed from Debug\stm8l10x_tim3.o ***
_TIM3_SelectOCxM                    ********   *** removed from Debug\stm8l10x_tim3.o ***
_TIM3_SelectOnePulseMode            ********   *** removed from Debug\stm8l10x_tim3.o ***
_TIM3_SelectOutputTrigger           ********   *** removed from Debug\stm8l10x_tim3.o ***
_TIM3_SelectSlaveMode               00008927   defined in Debug\stm8l10x_tim3.o section .text
                                               used in Debug\config.o
_TIM3_SetAutoreload                 ********   *** removed from Debug\stm8l10x_tim3.o ***
_TIM3_SetCompare1                   ********   *** removed from Debug\stm8l10x_tim3.o ***
_TIM3_SetCompare2                   ********   *** removed from Debug\stm8l10x_tim3.o ***
_TIM3_SetCounter                    ********   *** removed from Debug\stm8l10x_tim3.o ***
_TIM3_SetIC1Prescaler               00008935   defined in Debug\stm8l10x_tim3.o section .text
_TIM3_SetIC2Prescaler               00008943   defined in Debug\stm8l10x_tim3.o section .text
_TIM3_TIxExternalClockConfig        ********   *** removed from Debug\stm8l10x_tim3.o ***
_TIM3_TimeBaseInit                  000088a9   defined in Debug\stm8l10x_tim3.o section .text
                                               used in Debug\config.o
_TIM3_UpdateDisableConfig           ********   *** removed from Debug\stm8l10x_tim3.o ***
_TIM3_UpdateRequestConfig           ********   *** removed from Debug\stm8l10x_tim3.o ***
_TIM4_ARRPreloadConfig              ********   *** removed from Debug\stm8l10x_tim4.o ***
_TIM4_ClearFlag                     ********   *** removed from Debug\stm8l10x_tim4.o ***
_TIM4_ClearITPendingBit             ********   *** removed from Debug\stm8l10x_tim4.o ***
_TIM4_Cmd                           ********   *** removed from Debug\stm8l10x_tim4.o ***
_TIM4_DeInit                        ********   *** removed from Debug\stm8l10x_tim4.o ***
_TIM4_GenerateEvent                 ********   *** removed from Debug\stm8l10x_tim4.o ***
_TIM4_GetCounter                    ********   *** removed from Debug\stm8l10x_tim4.o ***
_TIM4_GetFlagStatus                 ********   *** removed from Debug\stm8l10x_tim4.o ***
_TIM4_GetITStatus                   ********   *** removed from Debug\stm8l10x_tim4.o ***
_TIM4_GetPrescaler                  ********   *** removed from Debug\stm8l10x_tim4.o ***
_TIM4_GetStatus                     ********   *** removed from Debug\stm8l10x_tim4.o ***
_TIM4_ITConfig                      ********   *** removed from Debug\stm8l10x_tim4.o ***
_TIM4_InternalClockConfig           ********   *** removed from Debug\stm8l10x_tim4.o ***
_TIM4_PrescalerConfig               ********   *** removed from Debug\stm8l10x_tim4.o ***
_TIM4_SelectInputTrigger            ********   *** removed from Debug\stm8l10x_tim4.o ***
_TIM4_SelectMasterSlaveMode         ********   *** removed from Debug\stm8l10x_tim4.o ***
_TIM4_SelectOnePulseMode            ********   *** removed from Debug\stm8l10x_tim4.o ***
_TIM4_SelectOutputTrigger           ********   *** removed from Debug\stm8l10x_tim4.o ***
_TIM4_SelectSlaveMode               ********   *** removed from Debug\stm8l10x_tim4.o ***
_TIM4_SetAutoreload                 ********   *** removed from Debug\stm8l10x_tim4.o ***
_TIM4_SetCounter                    ********   *** removed from Debug\stm8l10x_tim4.o ***
_TIM4_TimeBaseInit                  00008a2a   defined in Debug\stm8l10x_tim4.o section .text
                                               used in Debug\config.o
_TIM4_UpdateDisableConfig           ********   *** removed from Debug\stm8l10x_tim4.o ***
_TIM4_UpdateRequestConfig           ********   *** removed from Debug\stm8l10x_tim4.o ***
_Timeout_GetTimeout1                ********   *** removed from Debug\timeout.o ***
_Timeout_GetTimeout2                ********   *** removed from Debug\timeout.o ***
_Timeout_GetTimeout3                ********   *** removed from Debug\timeout.o ***
_Timeout_IsTimeout1                 00008793   defined in Debug\timeout.o section .text
                                               used in Debug\main.o
_Timeout_IsTimeout2                 000087a7   defined in Debug\timeout.o section .text
                                               used in Debug\main.o
_Timeout_IsTimeout3                 ********   *** removed from Debug\timeout.o ***
_Timeout_SetTimeout1                00008789   defined in Debug\timeout.o section .text
                                               used in Debug\main.o
_Timeout_SetTimeout2                0000879d   defined in Debug\timeout.o section .text
                                               used in Debug\main.o
_Timeout_SetTimeout3                ********   *** removed from Debug\timeout.o ***
_Timeout_istout1                    0000f8:6   defined in Debug\timeout.o section .bit, initialized
                                               used in Debug\stm8l10x_it.o
_Timeout_istout2                    0000f8:7   defined in Debug\timeout.o section .bit, initialized
                                               used in Debug\stm8l10x_it.o
_Timeout_istout3                    0000f9:0   defined in Debug\timeout.o section .bit, initialized
                                               used in Debug\stm8l10x_it.o
_Timeout_tout1                      00000039   defined in Debug\timeout.o section .bsct, initialized
                                               used in Debug\stm8l10x_it.o
_Timeout_tout2                      0000003b   defined in Debug\timeout.o section .bsct, initialized
                                               used in Debug\stm8l10x_it.o
_Timeout_tout3                      0000003d   defined in Debug\timeout.o section .bsct, initialized
                                               used in Debug\stm8l10x_it.o
_Timeout_toutcnt1                   00000033   defined in Debug\timeout.o section .bsct, initialized
                                               used in Debug\stm8l10x_it.o
_Timeout_toutcnt2                   00000035   defined in Debug\timeout.o section .bsct, initialized
                                               used in Debug\stm8l10x_it.o
_Timeout_toutcnt3                   00000037   defined in Debug\timeout.o section .bsct, initialized
                                               used in Debug\stm8l10x_it.o
__endmem                            000003fe   defined in command file
                                               *** not used ***
__endzp                             000000f7   defined in command file section .ubsct
                                               used in C:\Program Files (x86)\COSMIC\CXSTM8_32K\lib\crtsi0.sm8
__idesc__                           00008080   defined in linker section .init
                                               used in C:\Program Files (x86)\COSMIC\CXSTM8_32K\lib\crtsi0.sm8
__memory                            00000100   defined in command file section .bss
                                               used in C:\Program Files (x86)\COSMIC\CXSTM8_32K\lib\crtsi0.sm8
__stack                             000005ff   defined in command file
                                               used in C:\Program Files (x86)\COSMIC\CXSTM8_32K\lib\crtsi0.sm8
__startmem                          00000100   defined in command file section .bss
                                               *** not used ***
__stext                             000080cf   defined in C:\Program Files (x86)\COSMIC\CXSTM8_32K\lib\crtsi0.sm8 section .text
                                               used in Debug\stm8_interrupt_vector.o
__vectab                            00008000   defined in Debug\stm8_interrupt_vector.o section .const
_blink_greenLED_times               0000001d   defined in Debug\stm8l10x_it.o section .bsct, initialized
                                               used in Debug\main.o
_blink_redLED_times                 0000001c   defined in Debug\stm8l10x_it.o section .bsct, initialized
                                               used in Debug\main.o
_btn1_0_cnt                         0000000f   defined in Debug\stm8l10x_it.o section .bsct, initialized
_btn1_1_cnt                         00000010   defined in Debug\stm8l10x_it.o section .bsct, initialized
_btn1_delay_cnt                     00000012   defined in Debug\stm8l10x_it.o section .bsct, initialized
_cnt_blink_greenLED                 0000001b   defined in Debug\stm8l10x_it.o section .bsct, initialized
_cnt_blink_redLED                   0000001a   defined in Debug\stm8l10x_it.o section .bsct, initialized
_cnt_flag_1000ms                    0000000d   defined in Debug\stm8l10x_it.o section .bsct, initialized
_cnt_flag_250ms                     00000009   defined in Debug\stm8l10x_it.o section .bsct, initialized
_cnt_flag_500ms                     0000000b   defined in Debug\stm8l10x_it.o section .bsct, initialized
_cnt_state_greenLED                 00000018   defined in Debug\stm8l10x_it.o section .bsct, initialized
                                               used in Debug\main.o
_cnt_state_redLED                   00000016   defined in Debug\stm8l10x_it.o section .bsct, initialized
                                               used in Debug\main.o
_debug                              00000015   defined in Debug\stm8l10x_it.o section .bsct, initialized
_delay_4us                          ********   *** removed from Debug\delay.o ***
_delay_ms                           ********   *** removed from Debug\delay.o ***
_exit                               0000811d   defined in C:\Program Files (x86)\COSMIC\CXSTM8_32K\lib\crtsi0.sm8 section .text
_flag_blink_greenLED                0000f8:2   defined in Debug\stm8l10x_it.o section .bit, initialized
                                               used in Debug\main.o
_flag_blink_on_off                  0000f8:0   defined in Debug\stm8l10x_it.o section .bit, initialized
                                               used in Debug\main.o
_flag_blink_redLED                  0000f8:1   defined in Debug\stm8l10x_it.o section .bit, initialized
                                               used in Debug\main.o
_flag_blink_unlimited               0000f8:3   defined in Debug\stm8l10x_it.o section .bit, initialized
                                               used in Debug\main.o
_idx                                0000002b   defined in Debug\stm8l10x_it.o section .bsct, initialized
_main                               00008217   defined in Debug\main.o section .text
                                               used in C:\Program Files (x86)\COSMIC\CXSTM8_32K\lib\crtsi0.sm8
_rcv_buff                           00000051   defined in Debug\stm8l10x_it.o section .ubsct
c_divsl                             ********   *** removed from (C:\Program Files (x86)\COSMIC\CXSTM8_32K\lib\libm0.sm8)ldiv.o ***
c_divul                             ********   *** removed from (C:\Program Files (x86)\COSMIC\CXSTM8_32K\lib\libm0.sm8)ldiv.o ***
c_lcmp                              ********   *** removed from (C:\Program Files (x86)\COSMIC\CXSTM8_32K\lib\libm0.sm8)lcmp.o ***
c_lgneg                             ********   *** removed from (C:\Program Files (x86)\COSMIC\CXSTM8_32K\lib\libm0.sm8)lgneg.o ***
c_llsh                              ********   *** removed from (C:\Program Files (x86)\COSMIC\CXSTM8_32K\lib\libm0.sm8)llsh.o ***
c_lneg                              ********   *** removed from (C:\Program Files (x86)\COSMIC\CXSTM8_32K\lib\libm0.sm8)lneg.o ***
c_lreg                              ********   *** removed from (C:\Program Files (x86)\COSMIC\CXSTM8_32K\lib\libm0.sm8)lreg.o ***
c_ltor                              ********   *** removed from (C:\Program Files (x86)\COSMIC\CXSTM8_32K\lib\libm0.sm8)ltor.o ***
c_ludv                              ********   *** removed from (C:\Program Files (x86)\COSMIC\CXSTM8_32K\lib\libm0.sm8)ludiv.o ***
c_rtol                              ********   *** removed from (C:\Program Files (x86)\COSMIC\CXSTM8_32K\lib\libm0.sm8)rtol.o ***
c_uitolx                            ********   *** removed from (C:\Program Files (x86)\COSMIC\CXSTM8_32K\lib\libm0.sm8)utolx.o ***
c_x                                 000000f1   defined in (C:\Program Files (x86)\COSMIC\CXSTM8_32K\lib\libm0.sm8)xreg.o section .ubsct
                                               used in C:\Program Files (x86)\COSMIC\CXSTM8_32K\lib\crtsi0.sm8
                                                       Debug\stm8l10x_it.o
                                                       (C:\Program Files (x86)\COSMIC\CXSTM8_32K\lib\libm0.sm8)ldiv.o
c_y                                 000000f4   defined in (C:\Program Files (x86)\COSMIC\CXSTM8_32K\lib\libm0.sm8)yreg.o section .ubsct
                                               used in C:\Program Files (x86)\COSMIC\CXSTM8_32K\lib\crtsi0.sm8
                                                       Debug\stm8l10x_it.o
f_AWU_IRQHandler                    000085c4   defined in Debug\stm8l10x_it.o section .text
                                               used in Debug\stm8_interrupt_vector.o
f_COMP_IRQHandler                   000085cf   defined in Debug\stm8l10x_it.o section .text
                                               used in Debug\stm8_interrupt_vector.o
f_EXTI0_IRQHandler                  000085c7   defined in Debug\stm8l10x_it.o section .text
                                               used in Debug\stm8_interrupt_vector.o
f_EXTI1_IRQHandler                  000085c8   defined in Debug\stm8l10x_it.o section .text
                                               used in Debug\stm8_interrupt_vector.o
f_EXTI2_IRQHandler                  000085c9   defined in Debug\stm8l10x_it.o section .text
                                               used in Debug\stm8_interrupt_vector.o
f_EXTI3_IRQHandler                  000085ca   defined in Debug\stm8l10x_it.o section .text
                                               used in Debug\stm8_interrupt_vector.o
f_EXTI4_IRQHandler                  000085cb   defined in Debug\stm8l10x_it.o section .text
                                               used in Debug\stm8_interrupt_vector.o
f_EXTI5_IRQHandler                  000085cc   defined in Debug\stm8l10x_it.o section .text
                                               used in Debug\stm8_interrupt_vector.o
f_EXTI6_IRQHandler                  000085cd   defined in Debug\stm8l10x_it.o section .text
                                               used in Debug\stm8_interrupt_vector.o
f_EXTI7_IRQHandler                  000085ce   defined in Debug\stm8l10x_it.o section .text
                                               used in Debug\stm8_interrupt_vector.o
f_EXTIB_IRQHandler                  000085c5   defined in Debug\stm8l10x_it.o section .text
                                               used in Debug\stm8_interrupt_vector.o
f_EXTID_IRQHandler                  000085c6   defined in Debug\stm8l10x_it.o section .text
                                               used in Debug\stm8_interrupt_vector.o
f_FLASH_IRQHandler                  000085c3   defined in Debug\stm8l10x_it.o section .text
                                               used in Debug\stm8_interrupt_vector.o
f_I2C_IRQHandler                    00008788   defined in Debug\stm8l10x_it.o section .text
                                               used in Debug\stm8_interrupt_vector.o
f_NonHandledInterrupt               000083be   defined in Debug\stm8l10x_it.o section .text
                                               used in Debug\stm8_interrupt_vector.o
f_SPI_IRQHandler                    00008785   defined in Debug\stm8l10x_it.o section .text
                                               used in Debug\stm8_interrupt_vector.o
f_TIM2_CAP_IRQHandler               00008783   defined in Debug\stm8l10x_it.o section .text
                                               used in Debug\stm8_interrupt_vector.o
f_TIM2_UPD_OVF_TRG_BRK_IRQHandler   000085d0   defined in Debug\stm8l10x_it.o section .text
                                               used in Debug\stm8_interrupt_vector.o
f_TIM3_CAP_IRQHandler               000083c0   defined in Debug\stm8l10x_it.o section .text
                                               used in Debug\stm8_interrupt_vector.o
f_TIM3_UPD_OVF_TRG_BRK_IRQHandler   000083bf   defined in Debug\stm8l10x_it.o section .text
                                               used in Debug\stm8_interrupt_vector.o
f_TIM4_UPD_OVF_IRQHandler           00008784   defined in Debug\stm8l10x_it.o section .text
                                               used in Debug\stm8_interrupt_vector.o
f_TRAP_IRQHandler                   000085c2   defined in Debug\stm8l10x_it.o section .text
                                               used in Debug\stm8_interrupt_vector.o
f_USART_RX_IRQHandler               00008787   defined in Debug\stm8l10x_it.o section .text
                                               used in Debug\stm8_interrupt_vector.o
f_USART_TX_IRQHandler               00008786   defined in Debug\stm8l10x_it.o section .text
                                               used in Debug\stm8_interrupt_vector.o
